Archive member included to satisfy reference by file (symbol)

/usr/lib/gcc/arm-none-eabi/13.2.1/../../../arm-none-eabi/lib/thumb/v6-m/nofp/libc_nano.a(libc_a-strlen-stub.o)
                              build/main.o (strlen)
/usr/lib/gcc/arm-none-eabi/13.2.1/../../../arm-none-eabi/lib/thumb/v6-m/nofp/libc_nano.a(libc_a-init.o)
                              /usr/lib/gcc/arm-none-eabi/13.2.1/../../../arm-none-eabi/lib/thumb/v6-m/nofp/crt0.o (__libc_init_array)
/usr/lib/gcc/arm-none-eabi/13.2.1/../../../arm-none-eabi/lib/thumb/v6-m/nofp/libc_nano.a(libc_a-memset.o)
                              /usr/lib/gcc/arm-none-eabi/13.2.1/../../../arm-none-eabi/lib/thumb/v6-m/nofp/crt0.o (memset)
/usr/lib/gcc/arm-none-eabi/13.2.1/../../../arm-none-eabi/lib/thumb/v6-m/nofp/libc_nano.a(libc_a-errno.o)
                              build/sysmem.o (__errno)
/usr/lib/gcc/arm-none-eabi/13.2.1/../../../arm-none-eabi/lib/thumb/v6-m/nofp/libc_nano.a(libc_a-strncpy.o)
                              build/main.o (strncpy)
/usr/lib/gcc/arm-none-eabi/13.2.1/../../../arm-none-eabi/lib/thumb/v6-m/nofp/libc_nano.a(libc_a-strncmp.o)
                              build/main.o (strncmp)
/usr/lib/gcc/arm-none-eabi/13.2.1/../../../arm-none-eabi/lib/thumb/v6-m/nofp/libc_nano.a(libc_a-exit.o)
                              /usr/lib/gcc/arm-none-eabi/13.2.1/../../../arm-none-eabi/lib/thumb/v6-m/nofp/crt0.o (exit)
/usr/lib/gcc/arm-none-eabi/13.2.1/../../../arm-none-eabi/lib/thumb/v6-m/nofp/libc_nano.a(libc_a-atexit.o)
                              /usr/lib/gcc/arm-none-eabi/13.2.1/../../../arm-none-eabi/lib/thumb/v6-m/nofp/crt0.o (atexit)
/usr/lib/gcc/arm-none-eabi/13.2.1/../../../arm-none-eabi/lib/thumb/v6-m/nofp/libc_nano.a(libc_a-memcpy-stub.o)
                              build/main.o (memcpy)
/usr/lib/gcc/arm-none-eabi/13.2.1/../../../arm-none-eabi/lib/thumb/v6-m/nofp/libc_nano.a(libc_a-fini.o)
                              /usr/lib/gcc/arm-none-eabi/13.2.1/../../../arm-none-eabi/lib/thumb/v6-m/nofp/crt0.o (__libc_fini_array)
/usr/lib/gcc/arm-none-eabi/13.2.1/../../../arm-none-eabi/lib/thumb/v6-m/nofp/libc_nano.a(libc_a-impure.o)
                              /usr/lib/gcc/arm-none-eabi/13.2.1/../../../arm-none-eabi/lib/thumb/v6-m/nofp/libc_nano.a(libc_a-errno.o) (_impure_ptr)
/usr/lib/gcc/arm-none-eabi/13.2.1/../../../arm-none-eabi/lib/thumb/v6-m/nofp/libc_nano.a(libc_a-findfp.o)
                              /usr/lib/gcc/arm-none-eabi/13.2.1/../../../arm-none-eabi/lib/thumb/v6-m/nofp/libc_nano.a(libc_a-exit.o) (__stdio_exit_handler)
/usr/lib/gcc/arm-none-eabi/13.2.1/../../../arm-none-eabi/lib/thumb/v6-m/nofp/libc_nano.a(libc_a-fflush.o)
                              /usr/lib/gcc/arm-none-eabi/13.2.1/../../../arm-none-eabi/lib/thumb/v6-m/nofp/libc_nano.a(libc_a-findfp.o) (_fflush_r)
/usr/lib/gcc/arm-none-eabi/13.2.1/../../../arm-none-eabi/lib/thumb/v6-m/nofp/libc_nano.a(libc_a-mallocr.o)
                              /usr/lib/gcc/arm-none-eabi/13.2.1/../../../arm-none-eabi/lib/thumb/v6-m/nofp/libc_nano.a(libc_a-findfp.o) (_malloc_r)
/usr/lib/gcc/arm-none-eabi/13.2.1/../../../arm-none-eabi/lib/thumb/v6-m/nofp/libc_nano.a(libc_a-freer.o)
                              /usr/lib/gcc/arm-none-eabi/13.2.1/../../../arm-none-eabi/lib/thumb/v6-m/nofp/libc_nano.a(libc_a-fflush.o) (_free_r)
/usr/lib/gcc/arm-none-eabi/13.2.1/../../../arm-none-eabi/lib/thumb/v6-m/nofp/libc_nano.a(libc_a-fwalk.o)
                              /usr/lib/gcc/arm-none-eabi/13.2.1/../../../arm-none-eabi/lib/thumb/v6-m/nofp/libc_nano.a(libc_a-findfp.o) (_fwalk_sglue)
/usr/lib/gcc/arm-none-eabi/13.2.1/../../../arm-none-eabi/lib/thumb/v6-m/nofp/libc_nano.a(libc_a-__atexit.o)
                              /usr/lib/gcc/arm-none-eabi/13.2.1/../../../arm-none-eabi/lib/thumb/v6-m/nofp/libc_nano.a(libc_a-atexit.o) (__register_exitproc)
/usr/lib/gcc/arm-none-eabi/13.2.1/../../../arm-none-eabi/lib/thumb/v6-m/nofp/libc_nano.a(libc_a-mlock.o)
                              /usr/lib/gcc/arm-none-eabi/13.2.1/../../../arm-none-eabi/lib/thumb/v6-m/nofp/libc_nano.a(libc_a-mallocr.o) (__malloc_lock)
/usr/lib/gcc/arm-none-eabi/13.2.1/../../../arm-none-eabi/lib/thumb/v6-m/nofp/libc_nano.a(libc_a-sbrkr.o)
                              /usr/lib/gcc/arm-none-eabi/13.2.1/../../../arm-none-eabi/lib/thumb/v6-m/nofp/libc_nano.a(libc_a-mallocr.o) (_sbrk_r)
/usr/lib/gcc/arm-none-eabi/13.2.1/../../../arm-none-eabi/lib/thumb/v6-m/nofp/libc_nano.a(libc_a-stdio.o)
                              /usr/lib/gcc/arm-none-eabi/13.2.1/../../../arm-none-eabi/lib/thumb/v6-m/nofp/libc_nano.a(libc_a-findfp.o) (__sread)
/usr/lib/gcc/arm-none-eabi/13.2.1/../../../arm-none-eabi/lib/thumb/v6-m/nofp/libc_nano.a(libc_a-closer.o)
                              /usr/lib/gcc/arm-none-eabi/13.2.1/../../../arm-none-eabi/lib/thumb/v6-m/nofp/libc_nano.a(libc_a-stdio.o) (_close_r)
/usr/lib/gcc/arm-none-eabi/13.2.1/../../../arm-none-eabi/lib/thumb/v6-m/nofp/libc_nano.a(libc_a-__call_atexit.o)
[...]
Memory Configuration

Name             Origin             Length             Attributes
RAM              0x20000000         0x00002000         xrw
FLASH            0x08000000         0x00008000         xr
*default*        0x00000000         0xffffffff

Linker script and memory map

LOAD /usr/lib/gcc/arm-none-eabi/13.2.1/thumb/v6-m/nofp/crti.o
LOAD /usr/lib/gcc/arm-none-eabi/13.2.1/thumb/v6-m/nofp/crtbegin.o
LOAD /usr/lib/gcc/arm-none-eabi/13.2.1/../../../arm-none-eabi/lib/thumb/v6-m/nofp/crt0.o
LOAD build/main.o
LOAD build/stm32g0xx_it.o
LOAD build/stm32g0xx_hal_msp.o
LOAD build/stm32g0xx_hal_adc.o
LOAD build/stm32g0xx_hal_adc_ex.o
LOAD build/stm32g0xx_ll_adc.o
LOAD build/stm32g0xx_hal_spi.o
LOAD build/stm32g0xx_hal_spi_ex.o
LOAD build/stm32g0xx_hal_uart.o
LOAD build/stm32g0xx_hal_uart_ex.o
LOAD build/stm32g0xx_hal_rcc.o
LOAD build/stm32g0xx_hal_rcc_ex.o
LOAD build/stm32g0xx_ll_rcc.o
LOAD build/stm32g0xx_hal_flash.o
LOAD build/stm32g0xx_hal_flash_ex.o
LOAD build/stm32g0xx_hal_gpio.o
LOAD build/stm32g0xx_hal_dma.o
LOAD build/stm32g0xx_hal_dma_ex.o
LOAD build/stm32g0xx_hal_pwr.o
LOAD build/stm32g0xx_hal_pwr_ex.o
LOAD build/stm32g0xx_hal_cortex.o
LOAD build/stm32g0xx_hal.o
LOAD build/stm32g0xx_hal_exti.o
LOAD build/system_stm32g0xx.o
LOAD build/sysmem.o
LOAD build/syscalls.o
LOAD build/startup_stm32g030xx.o
LOAD /usr/lib/gcc/arm-none-eabi/13.2.1/../../../arm-none-eabi/lib/thumb/v6-m/nofp/libc_nano.a
LOAD /usr/lib/gcc/arm-none-eabi/13.2.1/../../../arm-none-eabi/lib/thumb/v6-m/nofp/libm.a
LOAD /usr/lib/gcc/arm-none-eabi/13.2.1/../../../arm-none-eabi/lib/thumb/v6-m/nofp/libnosys.a
START GROUP
LOAD /usr/lib/gcc/arm-none-eabi/13.2.1/thumb/v6-m/nofp/libgcc.a
LOAD /usr/lib/gcc/arm-none-eabi/13.2.1/../../../arm-none-eabi/lib/thumb/v6-m/nofp/libc_nano.a
END GROUP
START GROUP
LOAD /usr/lib/gcc/arm-none-eabi/13.2.1/thumb/v6-m/nofp/libgcc.a
LOAD /usr/lib/gcc/arm-none-eabi/13.2.1/../../../arm-none-eabi/lib/thumb/v6-m/nofp/libc_nano.a
END GROUP
LOAD /usr/lib/gcc/arm-none-eabi/13.2.1/thumb/v6-m/nofp/crtend.o
LOAD /usr/lib/gcc/arm-none-eabi/13.2.1/thumb/v6-m/nofp/crtn.o
                0x20002000                        _estack = (ORIGIN (RAM) + LENGTH (RAM))
                0x20001c00                        _sstack = (_estack - _Min_Stack_Size)
                0x00000200                        _Min_Heap_Size = 0x200
                0x00000400                        _Min_Stack_Size = 0x400

.isr_vector     0x08000000       0xb8
                0x08000000                        . = ALIGN (0x4)
 *(.isr_vector)
 .isr_vector    0x08000000       0xb8 build/startup_stm32g030xx.o
                0x08000000                g_pfnVectors
                0x080000b8                        . = ALIGN (0x4)

.text           0x080000b8     0x487c
                0x080000b8                        . = ALIGN (0x4)
 *(.text)
 .text          0x080000b8       0x98 /usr/lib/gcc/arm-none-eabi/13.2.1/thumb/v6-m/nofp/crtbegin.o
 .text          0x08000150       0x5c /usr/lib/gcc/arm-none-eabi/13.2.1/../../../arm-none-eabi/lib/thumb/v6-m/nofp/libc_nano.a(libc_a-strlen-stub.o)
                0x08000150                strlen
 .text          0x080001ac       0x48 /usr/lib/gcc/arm-none-eabi/13.2.1/../../../arm-none-eabi/lib/thumb/v6-m/nofp/libc_nano.a(libc_a-init.o)
                0x080001ac                __libc_init_array
 .text          0x080001f4       0xa8 /usr/lib/gcc/arm-none-eabi/13.2.1/../../../arm-none-eabi/lib/thumb/v6-m/nofp/libc_nano.a(libc_a-memset.o)
                0x080001f4                memset
 .text          0x0800029c       0x60 /usr/lib/gcc/arm-none-eabi/13.2.1/../../../arm-none-eabi/lib/thumb/v6-m/nofp/libc_nano.a(libc_a-strncpy.o)
                0x0800029c                strncpy
 .text          0x080002fc       0x74 /usr/lib/gcc/arm-none-eabi/13.2.1/../../../arm-none-eabi/lib/thumb/v6-m/nofp/libc_nano.a(libc_a-strncmp.o)
                0x080002fc                strncmp
 .text          0x08000370       0x8c /usr/lib/gcc/arm-none-eabi/13.2.1/../../../arm-none-eabi/lib/thumb/v6-m/nofp/libc_nano.a(libc_a-memcpy-stub.o)
                0x08000370                memcpy
 .text          0x080003fc       0x14 /usr/lib/gcc/arm-none-eabi/13.2.1/thumb/v6-m/nofp/libgcc.a(_thumb1_case_uqi.o)
                0x080003fc                __gnu_thumb1_case_uqi
 .text          0x08000410       0x14 /usr/lib/gcc/arm-none-eabi/13.2.1/thumb/v6-m/nofp/libgcc.a(_thumb1_case_shi.o)
                0x08000410                __gnu_thumb1_case_shi
 .text          0x08000424      0x114 /usr/lib/gcc/arm-none-eabi/13.2.1/thumb/v6-m/nofp/libgcc.a(_udivsi3.o)
                0x08000424                __udivsi3
                0x08000424                __aeabi_uidiv
                0x08000530                __aeabi_uidivmod
 .text          0x08000538      0x1d4 /usr/lib/gcc/arm-none-eabi/13.2.1/thumb/v6-m/nofp/libgcc.a(_divsi3.o)
                0x08000538                __aeabi_idiv
                0x08000538                __divsi3
                0x08000704                __aeabi_idivmod
 .text          0x0800070c        0x4 /usr/lib/gcc/arm-none-eabi/13.2.1/thumb/v6-m/nofp/libgcc.a(_dvmd_tls.o)
                0x0800070c                __aeabi_ldiv0
                0x0800070c                __aeabi_idiv0
 .text          0x08000710       0x40 /usr/lib/gcc/arm-none-eabi/13.2.1/thumb/v6-m/nofp/libgcc.a(_aeabi_uldivmod.o)
                0x08000710                __aeabi_uldivmod
 .text          0x08000750       0x5c /usr/lib/gcc/arm-none-eabi/13.2.1/thumb/v6-m/nofp/libgcc.a(_muldi3.o)
                0x08000750                __aeabi_lmul
                0x08000750                __muldi3
 .text          0x080007ac      0x198 /usr/lib/gcc/arm-none-eabi/13.2.1/thumb/v6-m/nofp/libgcc.a(_udivmoddi4.o)
                0x080007ac                __udivmoddi4
 .text          0x08000944       0x18 /usr/lib/gcc/arm-none-eabi/13.2.1/thumb/v6-m/nofp/libgcc.a(_clzdi2.o)
                0x08000944                __clzdi2
 .text          0x0800095c       0x3c /usr/lib/gcc/arm-none-eabi/13.2.1/thumb/v6-m/nofp/libgcc.a(_clzsi2.o)
                0x0800095c                __clzsi2
 *(.text*)
 .text.get_effective_fault
                0x08000998       0x1c build/main.o
 .text.get_effective_mode
                0x080009b4       0x20 build/main.o
 .text.ws2812_set_pixel
                0x080009d4       0x24 build/main.o
 .text.ws2812_set_all
                0x080009f8       0x2c build/main.o
 .text.ws2812_encode_pair
                0x08000a24       0x26 build/main.o
 .text.ws2812_encode_color_byte
                0x08000a4a       0x34 build/main.o
 .text.skip_spaces
                0x08000a7e       0x10 build/main.o
 .text.only_spaces_left
                0x08000a8e       0x10 build/main.o
 .text.parse_uint
                0x08000a9e       0x3c build/main.o
 *fill*         0x08000ada        0x2 
 .text.status_led_set
                0x08000adc       0x14 build/main.o
 .text.ws2812_clear
                0x08000af0       0x14 build/main.o
 .text.uart_send_str
                0x08000b04       0x1c build/main.o
 .text.match_token
                0x08000b20       0x36 build/main.o
 *fill*         0x08000b56        0x2 
 .text.adc_read_raw_avg
                0x08000b58       0x6c build/main.o
 .text.append_u32
                0x08000bc4       0x5e build/main.o
 *fill*         0x08000c22        0x2 
 .text.uart_send_stat
                0x08000c24       0x78 build/main.o
 .text.status_led_set_pwm
                0x08000c9c       0x2c build/main.o
 .text.ws2812_show
                0x08000cc8       0xbc build/main.o
 .text.app_set_mode
                0x08000d84       0x30 build/main.o
 .text.HAL_UART_RxCpltCallback
                0x08000db4       0xa8 build/main.o
                0x08000db4                HAL_UART_RxCpltCallback
 .text.HAL_UART_ErrorCallback
                0x08000e5c       0x3c build/main.o
                0x08000e5c                HAL_UART_ErrorCallback
 .text.Error_Handler
                0x08000e98       0x20 build/main.o
                0x08000e98                Error_Handler
 .text.SystemClock_Config
                0x08000eb8       0x58 build/main.o
                0x08000eb8                SystemClock_Config
 .text.startup.main
                0x08000f10     0x112c build/main.o
                0x08000f10                main
 .text.NMI_Handler
                0x0800203c        0x2 build/stm32g0xx_it.o
                0x0800203c                NMI_Handler
 .text.HardFault_Handler
                0x0800203e        0x2 build/stm32g0xx_it.o
                0x0800203e                HardFault_Handler
 .text.SVC_Handler
                0x08002040        0x2 build/stm32g0xx_it.o
                0x08002040                SVC_Handler
 .text.PendSV_Handler
                0x08002042        0x2 build/stm32g0xx_it.o
                0x08002042                PendSV_Handler
 .text.SysTick_Handler
                0x08002044        0x8 build/stm32g0xx_it.o
                0x08002044                SysTick_Handler
 .text.USART2_IRQHandler
                0x0800204c       0x10 build/stm32g0xx_it.o
                0x0800204c                USART2_IRQHandler
 .text.HAL_MspInit
                0x0800205c       0x30 build/stm32g0xx_hal_msp.o
                0x0800205c                HAL_MspInit
 .text.HAL_ADC_MspInit
                0x0800208c       0x5c build/stm32g0xx_hal_msp.o
                0x0800208c                HAL_ADC_MspInit
 .text.LL_ADC_REG_IsConversionOngoing
                0x080020e8        0x8 build/stm32g0xx_hal_adc.o
 .text.HAL_ADC_Init
                0x080020f0      0x220 build/stm32g0xx_hal_adc.o
                0x080020f0                HAL_ADC_Init
 .text.HAL_ADC_PollForConversion
                0x08002310       0xc8 build/stm32g0xx_hal_adc.o
                0x08002310                HAL_ADC_PollForConversion
 .text.HAL_ADC_GetValue
                0x080023d8        0x6 build/stm32g0xx_hal_adc.o
                0x080023d8                HAL_ADC_GetValue
 *fill*         0x080023de        0x2 
 .text.HAL_ADC_ConfigChannel
                0x080023e0      0x248 build/stm32g0xx_hal_adc.o
                0x080023e0                HAL_ADC_ConfigChannel
 .text.ADC_ConversionStop
                0x08002628       0x60 build/stm32g0xx_hal_adc.o
                0x08002628                ADC_ConversionStop
 .text.ADC_Enable
                0x08002688       0xb8 build/stm32g0xx_hal_adc.o
                0x08002688                ADC_Enable
 .text.HAL_ADC_Start
                0x08002740       0x5c build/stm32g0xx_hal_adc.o
                0x08002740                HAL_ADC_Start
 .text.ADC_Disable
                0x0800279c       0x78 build/stm32g0xx_hal_adc.o
                0x0800279c                ADC_Disable
 .text.HAL_ADC_Stop
                0x08002814       0x3c build/stm32g0xx_hal_adc.o
                0x08002814                HAL_ADC_Stop
 .text.HAL_ADCEx_Calibration_Start
                0x08002850      0x168 build/stm32g0xx_hal_adc_ex.o
                0x08002850                HAL_ADCEx_Calibration_Start
 .text.SPI_WaitFlagStateUntilTimeout.constprop.0
                0x080029b8       0xb8 build/stm32g0xx_hal_spi.o
 .text.SPI_WaitFifoStateUntilTimeout.constprop.0
                0x08002a70       0xd8 build/stm32g0xx_hal_spi.o
 .text.SPI_EndRxTxTransaction
                0x08002b48       0x46 build/stm32g0xx_hal_spi.o
 .text.HAL_SPI_MspInit
                0x08002b8e        0x2 build/stm32g0xx_hal_spi.o
                0x08002b8e                HAL_SPI_MspInit
 .text.HAL_SPI_Init
                0x08002b90       0xf0 build/stm32g0xx_hal_spi.o
                0x08002b90                HAL_SPI_Init
 .text.HAL_SPI_Transmit
                0x08002c80      0x18a build/stm32g0xx_hal_spi.o
                0x08002c80                HAL_SPI_Transmit
 *fill*         0x08002e0a        0x2 
 .text.UART_EndRxTransfer
                0x08002e0c       0x64 build/stm32g0xx_hal_uart.o
 .text.HAL_UART_MspInit
                0x08002e70        0x2 build/stm32g0xx_hal_uart.o
                0x08002e70                HAL_UART_MspInit
 .text.HAL_UART_TxCpltCallback
                0x08002e72        0x2 build/stm32g0xx_hal_uart.o
                0x08002e72                HAL_UART_TxCpltCallback
 .text.UART_DMAAbortOnError
                0x08002e74        0xa build/stm32g0xx_hal_uart.o
 .text.HAL_UARTEx_RxEventCallback
                0x08002e7e        0x2 build/stm32g0xx_hal_uart.o
                0x08002e7e                HAL_UARTEx_RxEventCallback
 .text.HAL_UART_IRQHandler
                0x08002e80      0x344 build/stm32g0xx_hal_uart.o
                0x08002e80                HAL_UART_IRQHandler
 .text.UART_RxISR_8BIT
                0x080031c4       0xd8 build/stm32g0xx_hal_uart.o
 .text.UART_RxISR_16BIT
                0x0800329c       0xd4 build/stm32g0xx_hal_uart.o
 .text.UART_RxISR_8BIT_FIFOEN
                0x08003370      0x1cc build/stm32g0xx_hal_uart.o
 .text.UART_RxISR_16BIT_FIFOEN
                0x0800353c      0x1c8 build/stm32g0xx_hal_uart.o
 .text.UART_SetConfig
                0x08003704      0x168 build/stm32g0xx_hal_uart.o
                0x08003704                UART_SetConfig
 .text.UART_AdvFeatureConfig
                0x0800386c       0xd0 build/stm32g0xx_hal_uart.o
                0x0800386c                UART_AdvFeatureConfig
 .text.UART_WaitOnFlagUntilTimeout
                0x0800393c       0x92 build/stm32g0xx_hal_uart.o
                0x0800393c                UART_WaitOnFlagUntilTimeout
 .text.HAL_UART_Transmit
                0x080039ce       0xe2 build/stm32g0xx_hal_uart.o
                0x080039ce                HAL_UART_Transmit
 .text.UART_CheckIdleState
                0x08003ab0       0xc8 build/stm32g0xx_hal_uart.o
                0x08003ab0                UART_CheckIdleState
 .text.HAL_UART_Init
                0x08003b78       0x68 build/stm32g0xx_hal_uart.o
                0x08003b78                HAL_UART_Init
 .text.UART_Start_Receive_IT
                0x08003be0      0x124 build/stm32g0xx_hal_uart.o
                0x08003be0                UART_Start_Receive_IT
 .text.HAL_UART_Receive_IT
                0x08003d04       0x5c build/stm32g0xx_hal_uart.o
                0x08003d04                HAL_UART_Receive_IT
 .text.UARTEx_SetNbDataToProcess
                0x08003d60       0x50 build/stm32g0xx_hal_uart_ex.o
 .text.HAL_UARTEx_WakeupCallback
                0x08003db0        0x2 build/stm32g0xx_hal_uart_ex.o
                0x08003db0                HAL_UARTEx_WakeupCallback
 .text.HAL_UARTEx_RxFifoFullCallback
                0x08003db2        0x2 build/stm32g0xx_hal_uart_ex.o
                0x08003db2                HAL_UARTEx_RxFifoFullCallback
 .text.HAL_UARTEx_TxFifoEmptyCallback
                0x08003db4        0x2 build/stm32g0xx_hal_uart_ex.o
                0x08003db4                HAL_UARTEx_TxFifoEmptyCallback
 *fill*         0x08003db6        0x2 
 .text.HAL_UARTEx_DisableFifoMode
                0x08003db8       0x3c build/stm32g0xx_hal_uart_ex.o
                0x08003db8                HAL_UARTEx_DisableFifoMode
 .text.HAL_UARTEx_SetTxFifoThreshold
                0x08003df4       0x40 build/stm32g0xx_hal_uart_ex.o
                0x08003df4                HAL_UARTEx_SetTxFifoThreshold
 .text.HAL_UARTEx_SetRxFifoThreshold
                0x08003e34       0x44 build/stm32g0xx_hal_uart_ex.o
                0x08003e34                HAL_UARTEx_SetRxFifoThreshold
 .text.HAL_RCC_OscConfig
                0x08003e78      0x438 build/stm32g0xx_hal_rcc.o
                0x08003e78                HAL_RCC_OscConfig
 .text.HAL_RCC_GetSysClockFreq
                0x080042b0       0x88 build/stm32g0xx_hal_rcc.o
                0x080042b0                HAL_RCC_GetSysClockFreq
 .text.HAL_RCC_ClockConfig
                0x08004338      0x154 build/stm32g0xx_hal_rcc.o
                0x08004338                HAL_RCC_ClockConfig
 .text.HAL_RCC_GetPCLK1Freq
                0x0800448c       0x28 build/stm32g0xx_hal_rcc.o
                0x0800448c                HAL_RCC_GetPCLK1Freq
 .text.HAL_GPIO_Init
                0x080044b4      0x164 build/stm32g0xx_hal_gpio.o
                0x080044b4                HAL_GPIO_Init
 .text.HAL_GPIO_WritePin
                0x08004618        0xc build/stm32g0xx_hal_gpio.o
                0x08004618                HAL_GPIO_WritePin
 .text.HAL_DMA_Abort
                0x08004624       0x74 build/stm32g0xx_hal_dma.o
                0x08004624                HAL_DMA_Abort
 .text.HAL_DMA_Abort_IT
                0x08004698       0x74 build/stm32g0xx_hal_dma.o
                0x08004698                HAL_DMA_Abort_IT
 .text.HAL_PWREx_ControlVoltageScaling
                0x0800470c       0x58 build/stm32g0xx_hal_pwr_ex.o
                0x0800470c                HAL_PWREx_ControlVoltageScaling
 .text.HAL_NVIC_SetPriority
                0x08004764       0x54 build/stm32g0xx_hal_cortex.o
                0x08004764                HAL_NVIC_SetPriority
 .text.HAL_NVIC_EnableIRQ
                0x080047b8       0x18 build/stm32g0xx_hal_cortex.o
                0x080047b8                HAL_NVIC_EnableIRQ
 .text.HAL_SYSTICK_Config
                0x080047d0       0x34 build/stm32g0xx_hal_cortex.o
                0x080047d0                HAL_SYSTICK_Config
 .text.HAL_InitTick
                0x08004804       0x50 build/stm32g0xx_hal.o
                0x08004804                HAL_InitTick
 .text.HAL_Init
                0x08004854       0x28 build/stm32g0xx_hal.o
                0x08004854                HAL_Init
 .text.HAL_IncTick
                0x0800487c       0x18 build/stm32g0xx_hal.o
                0x0800487c                HAL_IncTick
 .text.HAL_GetTick
                0x08004894        0xc build/stm32g0xx_hal.o
                0x08004894                HAL_GetTick
 .text.HAL_Delay
                0x080048a0       0x24 build/stm32g0xx_hal.o
                0x080048a0                HAL_Delay
 .text.SystemInit
                0x080048c4        0x2 build/system_stm32g0xx.o
                0x080048c4                SystemInit
 *fill*         0x080048c6        0x2 
 .text.Reset_Handler
                0x080048c8       0x50 build/startup_stm32g030xx.o
                0x080048c8                Reset_Handler
 .text.Default_Handler
                0x08004918        0x2 build/startup_stm32g030xx.o
                0x08004918                TIM1_CC_IRQHandler
                0x08004918                I2C1_IRQHandler
                0x08004918                RTC_TAMP_IRQHandler
                0x08004918                SPI1_IRQHandler
                0x08004918                DMA1_Ch4_5_DMAMUX1_OVR_IRQHandler
                0x08004918                EXTI2_3_IRQHandler
                0x08004918                ADC1_IRQHandler
                0x08004918                I2C2_IRQHandler
                0x08004918                TIM17_IRQHandler
                0x08004918                TIM16_IRQHandler
                0x08004918                TIM3_IRQHandler
                0x08004918                EXTI4_15_IRQHandler
                0x08004918                RCC_IRQHandler
                0x08004918                DMA1_Channel1_IRQHandler
                0x08004918                Default_Handler
                0x08004918                TIM14_IRQHandler
                0x08004918                EXTI0_1_IRQHandler
                0x08004918                SPI2_IRQHandler
                0x08004918                WWDG_IRQHandler
                0x08004918                DMA1_Channel2_3_IRQHandler
                0x08004918                FLASH_IRQHandler
                0x08004918                USART1_IRQHandler
                0x08004918                TIM1_BRK_UP_TRG_COM_IRQHandler
 *(.glue_7)
 .glue_7        0x0800491a        0x0 linker stubs
 *(.glue_7t)
 .glue_7t       0x0800491a        0x0 linker stubs
 *(.eh_frame)
 *fill*         0x0800491a        0x2 
 .eh_frame      0x0800491c        0x0 /usr/lib/gcc/arm-none-eabi/13.2.1/thumb/v6-m/nofp/crtbegin.o
 *(.init)
 .init          0x0800491c        0x4 /usr/lib/gcc/arm-none-eabi/13.2.1/thumb/v6-m/nofp/crti.o
                0x0800491c                _init
 .init          0x08004920        0x8 /usr/lib/gcc/arm-none-eabi/13.2.1/thumb/v6-m/nofp/crtn.o
 *(.fini)
 .fini          0x08004928        0x4 /usr/lib/gcc/arm-none-eabi/13.2.1/thumb/v6-m/nofp/crti.o
                0x08004928                _fini
 .fini          0x0800492c        0x8 /usr/lib/gcc/arm-none-eabi/13.2.1/thumb/v6-m/nofp/crtn.o
                0x08004934                        . = ALIGN (0x4)
                0x08004934                        _etext = .

.vfp11_veneer   0x08004934        0x0
 .vfp11_veneer  0x08004934        0x0 linker stubs

.v4_bx          0x08004934        0x0
 .v4_bx         0x08004934        0x0 linker stubs

.iplt           0x08004934        0x0
 .iplt          0x08004934        0x0 /usr/lib/gcc/arm-none-eabi/13.2.1/thumb/v6-m/nofp/crtbegin.o

.rodata         0x08004934      0x554
                0x08004934                        . = ALIGN (0x4)
 *(.rodata)
 *(.rodata*)
 .rodata.uart_send_stat.str1.1
                0x08004934      0x49b build/main.o
                                  0x3 (size before relaxing)
 .rodata.main.str1.1
                0x08004dcf      0x445 build/main.o
 .rodata.str1.1
                0x08004dcf       0x76 build/main.o
 *fill*         0x08004dcf        0x1 
 .rodata.CSWTCH.177
                0x08004dd0       0x1c build/main.o
 .rodata.CSWTCH.175
                0x08004dec       0x10 build/main.o
 .rodata.CSWTCH.66
                0x08004dfc        0x3 build/stm32g0xx_hal_uart.o
 *fill*         0x08004dff        0x1 
 .rodata.UARTPrescTable
                0x08004e00       0x18 build/stm32g0xx_hal_uart.o
                0x08004e00                UARTPrescTable
 .rodata.denominator.0
                0x08004e18        0x8 build/stm32g0xx_hal_uart_ex.o
 .rodata.numerator.1
                0x08004e20        0x8 build/stm32g0xx_hal_uart_ex.o
 .rodata.APBPrescTable
                0x08004e28       0x20 build/system_stm32g0xx.o
                0x08004e28                APBPrescTable
 .rodata.AHBPrescTable
                0x08004e48       0x40 build/system_stm32g0xx.o
                0x08004e48                AHBPrescTable
                0x08004e88                        . = ALIGN (0x4)

.ARM.extab      0x08004e88        0x0
                0x08004e88                        . = ALIGN (0x4)
 *(.ARM.extab* .gnu.linkonce.armextab.*)
                0x08004e88                        . = ALIGN (0x4)

.ARM            0x08004e88        0x8
                0x08004e88                        . = ALIGN (0x4)
                0x08004e88                        __exidx_start = .
 *(.ARM.exidx*)
 .ARM.exidx     0x08004e88        0x8 /usr/lib/gcc/arm-none-eabi/13.2.1/thumb/v6-m/nofp/libgcc.a(_udivmoddi4.o)
                0x08004e90                        __exidx_end = .
                0x08004e90                        . = ALIGN (0x4)

.preinit_array  0x08004e90        0x0
                0x08004e90                        . = ALIGN (0x4)
                0x08004e90                        PROVIDE (__preinit_array_start = .)
 *(.preinit_array*)
                0x08004e90                        PROVIDE (__preinit_array_end = .)
                0x08004e90                        . = ALIGN (0x4)

.init_array     0x08004e90        0x4
                0x08004e90                        . = ALIGN (0x4)
                0x08004e90                        PROVIDE (__init_array_start = .)
 *(SORT_BY_NAME(.init_array.*))
 *(.init_array*)
 .init_array    0x08004e90        0x4 /usr/lib/gcc/arm-none-eabi/13.2.1/thumb/v6-m/nofp/crtbegin.o
                0x08004e94                        PROVIDE (__init_array_end = .)
                0x08004e94                        . = ALIGN (0x4)

.fini_array     0x08004e94        0x4
                0x08004e94                        . = ALIGN (0x4)
                0x08004e94                        PROVIDE (__fini_array_start = .)
 *(SORT_BY_NAME(.fini_array.*))
 *(.fini_array*)
 .fini_array    0x08004e94        0x4 /usr/lib/gcc/arm-none-eabi/13.2.1/thumb/v6-m/nofp/crtbegin.o
                0x08004e98                        PROVIDE (__fini_array_end = .)
                0x08004e98                        . = ALIGN (0x4)
                0x08004e98                        _sidata = LOADADDR (.data)

.rel.dyn        0x08004e98        0x0
 .rel.iplt      0x08004e98        0x0 /usr/lib/gcc/arm-none-eabi/13.2.1/thumb/v6-m/nofp/crtbegin.o

.data           0x20000000       0x10 load address 0x08004e98
                0x20000000                        . = ALIGN (0x4)
                0x20000000                        _sdata = .
 *(.data)
 *(.data*)
 .data.g_brightness
                0x20000000        0x1 build/main.o
 *fill*         0x20000001        0x1 
 .data.g_led_count
                0x20000002        0x2 build/main.o
 .data.uwTickFreq
                0x20000004        0x1 build/stm32g0xx_hal.o
                0x20000004                uwTickFreq
 *fill*         0x20000005        0x3 
 .data.uwTickPrio
                0x20000008        0x4 build/stm32g0xx_hal.o
                0x20000008                uwTickPrio
 .data.SystemCoreClock
                0x2000000c        0x4 build/system_stm32g0xx.o
                0x2000000c                SystemCoreClock
 *(.RamFunc)
 *(.RamFunc*)
                0x20000010                        . = ALIGN (0x4)
                0x20000010                        _edata = .

.tm_clone_table
                0x20000010        0x0 load address 0x08004ea8
 .tm_clone_table
                0x20000010        0x0 /usr/lib/gcc/arm-none-eabi/13.2.1/thumb/v6-m/nofp/crtbegin.o
 .tm_clone_table
                0x20000010        0x0 /usr/lib/gcc/arm-none-eabi/13.2.1/thumb/v6-m/nofp/crtend.o

.igot.plt       0x20000010        0x0 load address 0x08004ea8
 .igot.plt      0x20000010        0x0 /usr/lib/gcc/arm-none-eabi/13.2.1/thumb/v6-m/nofp/crtbegin.o
                0x20000010                        . = ALIGN (0x4)

.bss            0x20000010     0x142c load address 0x08004ea8
                0x20000010                        _sbss = .
                0x20000010                        __bss_start__ = _sbss
 *(.bss)
 .bss           0x20000010       0x1c /usr/lib/gcc/arm-none-eabi/13.2.1/thumb/v6-m/nofp/crtbegin.o
 *(.bss*)
 .bss.last_on.0
                0x2000002c        0x1 build/main.o
 .bss.last_on.1
                0x2000002d        0x1 build/main.o
 .bss.g_uart_line
                0x2000002e       0x40 build/main.o
 .bss.g_uart_overflow_count
                0x2000006e        0x1 build/main.o
 .bss.g_uart_drop_until_eol
                0x2000006f        0x1 build/main.o
 .bss.g_uart_rx_len
                0x20000070        0x1 build/main.o
 .bss.g_uart_line_ready
                0x20000071        0x1 build/main.o
 .bss.g_uart_rx_byte
                0x20000072        0x1 build/main.o
 *fill*         0x20000073        0x1 
 .bss.g_anim_step
                0x20000074        0x2 build/main.o
 *fill*         0x20000076        0x2 
 .bss.g_last_cmd_ms
                0x20000078        0x4 build/main.o
 .bss.g_last_anim_ms
                0x2000007c        0x4 build/main.o
 .bss.g_last_adc_ms
                0x20000080        0x4 build/main.o
 .bss.g_fault_exit_count
                0x20000084        0x1 build/main.o
 .bss.g_fault_enter_count
                0x20000085        0x1 build/main.o
 *fill*         0x20000086        0x2 
 .bss.g_current_ma_filtered
                0x20000088        0x4 build/main.o
 .bss.g_bus_mv_filtered
                0x2000008c        0x4 build/main.o
 .bss.g_current_ma
                0x20000090        0x4 build/main.o
 .bss.g_bus_mv  0x20000094        0x4 build/main.o
 .bss.g_dev     0x20000098        0x8 build/main.o
 .bss.g_static_color
                0x200000a0        0x3 build/main.o
 .bss.g_fault   0x200000a3        0x1 build/main.o
 .bss.g_mode    0x200000a4        0x1 build/main.o
 .bss.g_ws2812_spi_buf
                0x200000a5      0xeb0 build/main.o
 .bss.g_leds    0x20000f55      0x384 build/main.o
 *fill*         0x200012d9        0x3 
 .bss.huart2    0x200012dc       0x94 build/main.o
                0x200012dc                huart2
 .bss.hspi1     0x20001370       0x64 build/main.o
                0x20001370                hspi1
 .bss.hadc1     0x200013d4       0x64 build/main.o
                0x200013d4                hadc1
 .bss.uwTick    0x20001438        0x4 build/stm32g0xx_hal.o
                0x20001438                uwTick
 *(COMMON)
                0x2000143c                        . = ALIGN (0x4)
                0x2000143c                        _ebss = .
                0x2000143c                        __bss_end__ = _ebss

._user_heap_stack
                0x2000143c      0x604 load address 0x08004ea8
                0x20001440                        . = ALIGN (0x8)
 *fill*         0x2000143c        0x4 
                [!provide]                        PROVIDE (end = .)
                0x20001440                        PROVIDE (_end = .)
                0x20001640                        . = (. + _Min_Heap_Size)
 *fill*         0x20001440      0x200 
                0x20001a40                        . = (. + _Min_Stack_Size)
 *fill*         0x20001640      0x400 
                0x20001a40                        . = ALIGN (0x8)

/DISCARD/
 libc.a(*)
 libm.a(*)
 libgcc.a(*)
OUTPUT(build/lcb.elf elf32-littlearm)
LOAD linker stubs
LOAD /usr/lib/gcc/arm-none-eabi/13.2.1/../../../arm-none-eabi/lib/thumb/v6-m/nofp/libc.a
LOAD /usr/lib/gcc/arm-none-eabi/13.2.1/../../../arm-none-eabi/lib/thumb/v6-m/nofp/libm.a
LOAD /usr/lib/gcc/arm-none-eabi/13.2.1/thumb/v6-m/nofp/libgcc.a

.ARM.attributes
                0x00000000       0x28
 .ARM.attributes
                0x00000000       0x1e /usr/lib/gcc/arm-none-eabi/13.2.1/thumb/v6-m/nofp/crti.o
 .ARM.attributes
                0x0000001e       0x2c /usr/lib/gcc/arm-none-eabi/13.2.1/thumb/v6-m/nofp/crtbegin.o
 .ARM.attributes
                0x0000004a       0x2c build/main.o
 .ARM.attributes
                0x00000076       0x2c build/stm32g0xx_it.o
 .ARM.attributes
                0x000000a2       0x2c build/stm32g0xx_hal_msp.o
 .ARM.attributes
                0x000000ce       0x2c build/stm32g0xx_hal_adc.o
 .ARM.attributes
                0x000000fa       0x2c build/stm32g0xx_hal_adc_ex.o
 .ARM.attributes
                0x00000126       0x2c build/stm32g0xx_hal_spi.o
 .ARM.attributes
                0x00000152       0x2c build/stm32g0xx_hal_uart.o
 .ARM.attributes
                0x0000017e       0x2c build/stm32g0xx_hal_uart_ex.o
 .ARM.attributes
                0x000001aa       0x2c build/stm32g0xx_hal_rcc.o
 .ARM.attributes
                0x000001d6       0x2c build/stm32g0xx_hal_gpio.o
 .ARM.attributes
                0x00000202       0x2c build/stm32g0xx_hal_dma.o
 .ARM.attributes
                0x0000022e       0x2c build/stm32g0xx_hal_pwr_ex.o
 .ARM.attributes
                0x0000025a       0x2c build/stm32g0xx_hal_cortex.o
 .ARM.attributes
                0x00000286       0x2c build/stm32g0xx_hal.o
 .ARM.attributes
                0x000002b2       0x2c build/system_stm32g0xx.o
 .ARM.attributes
                0x000002de       0x22 build/startup_stm32g030xx.o
 .ARM.attributes
                0x00000300       0x2c /usr/lib/gcc/arm-none-eabi/13.2.1/../../../arm-none-eabi/lib/thumb/v6-m/nofp/libc_nano.a(libc_a-strlen-stub.o)
 .ARM.attributes
                0x0000032c       0x2c /usr/lib/gcc/arm-none-eabi/13.2.1/../../../arm-none-eabi/lib/thumb/v6-m/nofp/libc_nano.a(libc_a-init.o)
 .ARM.attributes
                0x00000358       0x2c /usr/lib/gcc/arm-none-eabi/13.2.1/../../../arm-none-eabi/lib/thumb/v6-m/nofp/libc_nano.a(libc_a-memset.o)
 .ARM.attributes
                0x00000384       0x2c /usr/lib/gcc/arm-none-eabi/13.2.1/../../../arm-none-eabi/lib/thumb/v6-m/nofp/libc_nano.a(libc_a-strncpy.o)
 .ARM.attributes
                0x000003b0       0x2c /usr/lib/gcc/arm-none-eabi/13.2.1/../../../arm-none-eabi/lib/thumb/v6-m/nofp/libc_nano.a(libc_a-strncmp.o)
 .ARM.attributes
                0x000003dc       0x2c /usr/lib/gcc/arm-none-eabi/13.2.1/../../../arm-none-eabi/lib/thumb/v6-m/nofp/libc_nano.a(libc_a-memcpy-stub.o)
 .ARM.attributes
                0x00000408       0x1e /usr/lib/gcc/arm-none-eabi/13.2.1/thumb/v6-m/nofp/libgcc.a(_thumb1_case_uqi.o)
 .ARM.attributes
                0x00000426       0x1e /usr/lib/gcc/arm-none-eabi/13.2.1/thumb/v6-m/nofp/libgcc.a(_thumb1_case_shi.o)
 .ARM.attributes
                0x00000444       0x1e /usr/lib/gcc/arm-none-eabi/13.2.1/thumb/v6-m/nofp/libgcc.a(_udivsi3.o)
 .ARM.attributes
                0x00000462       0x1e /usr/lib/gcc/arm-none-eabi/13.2.1/thumb/v6-m/nofp/libgcc.a(_divsi3.o)
 .ARM.attributes
                0x00000480       0x1e /usr/lib/gcc/arm-none-eabi/13.2.1/thumb/v6-m/nofp/libgcc.a(_dvmd_tls.o)
 .ARM.attributes
                0x0000049e       0x1e /usr/lib/gcc/arm-none-eabi/13.2.1/thumb/v6-m/nofp/libgcc.a(_aeabi_uldivmod.o)
 .ARM.attributes
                0x000004bc       0x2c /usr/lib/gcc/arm-none-eabi/13.2.1/thumb/v6-m/nofp/libgcc.a(_muldi3.o)
 .ARM.attributes
                0x000004e8       0x2c /usr/lib/gcc/arm-none-eabi/13.2.1/thumb/v6-m/nofp/libgcc.a(_udivmoddi4.o)
 .ARM.attributes
                0x00000514       0x1e /usr/lib/gcc/arm-none-eabi/13.2.1/thumb/v6-m/nofp/libgcc.a(_clzdi2.o)
 .ARM.attributes
                0x00000532       0x1e /usr/lib/gcc/arm-none-eabi/13.2.1/thumb/v6-m/nofp/libgcc.a(_clzsi2.o)
 .ARM.attributes
                0x00000550       0x2c /usr/lib/gcc/arm-none-eabi/13.2.1/thumb/v6-m/nofp/crtend.o
 .ARM.attributes
                0x0000057c       0x1e /usr/lib/gcc/arm-none-eabi/13.2.1/thumb/v6-m/nofp/crtn.o

.comment        0x00000000       0x26
 .comment       0x00000000       0x26 /usr/lib/gcc/arm-none-eabi/13.2.1/thumb/v6-m/nofp/crtbegin.o
                                 0x27 (size before relaxing)
 .comment       0x00000026       0x27 build/main.o
 .comment       0x00000026       0x27 build/stm32g0xx_it.o
 .comment       0x00000026       0x27 build/stm32g0xx_hal_msp.o
 .comment       0x00000026       0x27 build/stm32g0xx_hal_adc.o
 .comment       0x00000026       0x27 build/stm32g0xx_hal_adc_ex.o
 .comment       0x00000026       0x27 build/stm32g0xx_hal_spi.o
 .comment       0x00000026       0x27 build/stm32g0xx_hal_uart.o
 .comment       0x00000026       0x27 build/stm32g0xx_hal_uart_ex.o
 .comment       0x00000026       0x27 build/stm32g0xx_hal_rcc.o
 .comment       0x00000026       0x27 build/stm32g0xx_hal_gpio.o
 .comment       0x00000026       0x27 build/stm32g0xx_hal_dma.o
 .comment       0x00000026       0x27 build/stm32g0xx_hal_pwr_ex.o
 .comment       0x00000026       0x27 build/stm32g0xx_hal_cortex.o
 .comment       0x00000026       0x27 build/stm32g0xx_hal.o
 .comment       0x00000026       0x27 build/system_stm32g0xx.o
 .comment       0x00000026       0x27 /usr/lib/gcc/arm-none-eabi/13.2.1/../../../arm-none-eabi/lib/thumb/v6-m/nofp/libc_nano.a(libc_a-strlen-stub.o)
 .comment       0x00000026       0x27 /usr/lib/gcc/arm-none-eabi/13.2.1/../../../arm-none-eabi/lib/thumb/v6-m/nofp/libc_nano.a(libc_a-init.o)
 .comment       0x00000026       0x27 /usr/lib/gcc/arm-none-eabi/13.2.1/../../../arm-none-eabi/lib/thumb/v6-m/nofp/libc_nano.a(libc_a-memset.o)
 .comment       0x00000026       0x27 /usr/lib/gcc/arm-none-eabi/13.2.1/../../../arm-none-eabi/lib/thumb/v6-m/nofp/libc_nano.a(libc_a-strncpy.o)
 .comment       0x00000026       0x27 /usr/lib/gcc/arm-none-eabi/13.2.1/../../../arm-none-eabi/lib/thumb/v6-m/nofp/libc_nano.a(libc_a-strncmp.o)
 .comment       0x00000026       0x27 /usr/lib/gcc/arm-none-eabi/13.2.1/../../../arm-none-eabi/lib/thumb/v6-m/nofp/libc_nano.a(libc_a-memcpy-stub.o)
 .comment       0x00000026       0x27 /usr/lib/gcc/arm-none-eabi/13.2.1/thumb/v6-m/nofp/libgcc.a(_muldi3.o)
 .comment       0x00000026       0x27 /usr/lib/gcc/arm-none-eabi/13.2.1/thumb/v6-m/nofp/libgcc.a(_udivmoddi4.o)
 .comment       0x00000026       0x27 /usr/lib/gcc/arm-none-eabi/13.2.1/thumb/v6-m/nofp/crtend.o

.debug_info     0x00000000    0x18048
 .debug_info    0x00000000     0x49a2 build/main.o
 .debug_info    0x000049a2      0x8e6 build/stm32g0xx_it.o
 .debug_info    0x00005288      0xc0e build/stm32g0xx_hal_msp.o
 .debug_info    0x00005e96     0x2387 build/stm32g0xx_hal_adc.o
 .debug_info    0x0000821d      0xe4b build/stm32g0xx_hal_adc_ex.o
 .debug_info    0x00009068     0x250f build/stm32g0xx_hal_spi.o
 .debug_info    0x0000b577     0x661e build/stm32g0xx_hal_uart.o
 .debug_info    0x00011b95     0x1421 build/stm32g0xx_hal_uart_ex.o
 .debug_info    0x00012fb6      0xed4 build/stm32g0xx_hal_rcc.o
 .debug_info    0x00013e8a      0x67b build/stm32g0xx_hal_gpio.o
 .debug_info    0x00014505      0xb0f build/stm32g0xx_hal_dma.o
 .debug_info    0x00015014      0x5a2 build/stm32g0xx_hal_pwr_ex.o
 .debug_info    0x000155b6      0xb64 build/stm32g0xx_hal_cortex.o
 .debug_info    0x0001611a      0xb1b build/stm32g0xx_hal.o
 .debug_info    0x00016c35      0x3b1 build/system_stm32g0xx.o
 .debug_info    0x00016fe6       0x30 build/startup_stm32g030xx.o
 .debug_info    0x00017016       0xeb /usr/lib/gcc/arm-none-eabi/13.2.1/../../../arm-none-eabi/lib/thumb/v6-m/nofp/libc_nano.a(libc_a-strlen-stub.o)
 .debug_info    0x00017101      0x10b /usr/lib/gcc/arm-none-eabi/13.2.1/../../../arm-none-eabi/lib/thumb/v6-m/nofp/libc_nano.a(libc_a-init.o)
 .debug_info    0x0001720c      0x135 /usr/lib/gcc/arm-none-eabi/13.2.1/../../../arm-none-eabi/lib/thumb/v6-m/nofp/libc_nano.a(libc_a-memset.o)
 .debug_info    0x00017341      0x14a /usr/lib/gcc/arm-none-eabi/13.2.1/../../../arm-none-eabi/lib/thumb/v6-m/nofp/libc_nano.a(libc_a-strncpy.o)
 .debug_info    0x0001748b      0x108 /usr/lib/gcc/arm-none-eabi/13.2.1/../../../arm-none-eabi/lib/thumb/v6-m/nofp/libc_nano.a(libc_a-strncmp.o)
 .debug_info    0x00017593      0x152 /usr/lib/gcc/arm-none-eabi/13.2.1/../../../arm-none-eabi/lib/thumb/v6-m/nofp/libc_nano.a(libc_a-memcpy-stub.o)
 .debug_info    0x000176e5       0x31 /usr/lib/gcc/arm-none-eabi/13.2.1/thumb/v6-m/nofp/libgcc.a(_thumb1_case_uqi.o)
 .debug_info    0x00017716       0x31 /usr/lib/gcc/arm-none-eabi/13.2.1/thumb/v6-m/nofp/libgcc.a(_thumb1_case_shi.o)
 .debug_info    0x00017747       0x3e /usr/lib/gcc/arm-none-eabi/13.2.1/thumb/v6-m/nofp/libgcc.a(_udivsi3.o)
 .debug_info    0x00017785       0x3e /usr/lib/gcc/arm-none-eabi/13.2.1/thumb/v6-m/nofp/libgcc.a(_divsi3.o)
 .debug_info    0x000177c3       0x3c /usr/lib/gcc/arm-none-eabi/13.2.1/thumb/v6-m/nofp/libgcc.a(_dvmd_tls.o)
 .debug_info    0x000177ff       0x31 /usr/lib/gcc/arm-none-eabi/13.2.1/thumb/v6-m/nofp/libgcc.a(_aeabi_uldivmod.o)
 .debug_info    0x00017830      0x420 /usr/lib/gcc/arm-none-eabi/13.2.1/thumb/v6-m/nofp/libgcc.a(_muldi3.o)
 .debug_info    0x00017c50      0x3a3 /usr/lib/gcc/arm-none-eabi/13.2.1/thumb/v6-m/nofp/libgcc.a(_udivmoddi4.o)
 .debug_info    0x00017ff3       0x24 /usr/lib/gcc/arm-none-eabi/13.2.1/thumb/v6-m/nofp/libgcc.a(_clzdi2.o)
 .debug_info    0x00018017       0x31 /usr/lib/gcc/arm-none-eabi/13.2.1/thumb/v6-m/nofp/libgcc.a(_clzsi2.o)

.debug_abbrev   0x00000000     0x34e9
 .debug_abbrev  0x00000000      0x500 build/main.o
 .debug_abbrev  0x00000500      0x1da build/stm32g0xx_it.o
 .debug_abbrev  0x000006da      0x1c6 build/stm32g0xx_hal_msp.o
 .debug_abbrev  0x000008a0      0x373 build/stm32g0xx_hal_adc.o
 .debug_abbrev  0x00000c13      0x34c build/stm32g0xx_hal_adc_ex.o
 .debug_abbrev  0x00000f5f      0x3b5 build/stm32g0xx_hal_spi.o
 .debug_abbrev  0x00001314      0x481 build/stm32g0xx_hal_uart.o
 .debug_abbrev  0x00001795      0x381 build/stm32g0xx_hal_uart_ex.o
 .debug_abbrev  0x00001b16      0x378 build/stm32g0xx_hal_rcc.o
 .debug_abbrev  0x00001e8e      0x289 build/stm32g0xx_hal_gpio.o
 .debug_abbrev  0x00002117      0x293 build/stm32g0xx_hal_dma.o
 .debug_abbrev  0x000023aa      0x1f8 build/stm32g0xx_hal_pwr_ex.o
 .debug_abbrev  0x000025a2      0x2c7 build/stm32g0xx_hal_cortex.o
 .debug_abbrev  0x00002869      0x358 build/stm32g0xx_hal.o
 .debug_abbrev  0x00002bc1      0x145 build/system_stm32g0xx.o
 .debug_abbrev  0x00002d06       0x1d build/startup_stm32g030xx.o
 .debug_abbrev  0x00002d23       0x90 /usr/lib/gcc/arm-none-eabi/13.2.1/../../../arm-none-eabi/lib/thumb/v6-m/nofp/libc_nano.a(libc_a-strlen-stub.o)
 .debug_abbrev  0x00002db3       0xc9 /usr/lib/gcc/arm-none-eabi/13.2.1/../../../arm-none-eabi/lib/thumb/v6-m/nofp/libc_nano.a(libc_a-init.o)
 .debug_abbrev  0x00002e7c       0xb7 /usr/lib/gcc/arm-none-eabi/13.2.1/../../../arm-none-eabi/lib/thumb/v6-m/nofp/libc_nano.a(libc_a-memset.o)
 .debug_abbrev  0x00002f33       0xbe /usr/lib/gcc/arm-none-eabi/13.2.1/../../../arm-none-eabi/lib/thumb/v6-m/nofp/libc_nano.a(libc_a-strncpy.o)
 .debug_abbrev  0x00002ff1       0x92 /usr/lib/gcc/arm-none-eabi/13.2.1/../../../arm-none-eabi/lib/thumb/v6-m/nofp/libc_nano.a(libc_a-strncmp.o)
 .debug_abbrev  0x00003083       0xca /usr/lib/gcc/arm-none-eabi/13.2.1/../../../arm-none-eabi/lib/thumb/v6-m/nofp/libc_nano.a(libc_a-memcpy-stub.o)
 .debug_abbrev  0x0000314d       0x28 /usr/lib/gcc/arm-none-eabi/13.2.1/thumb/v6-m/nofp/libgcc.a(_thumb1_case_uqi.o)
 .debug_abbrev  0x00003175       0x28 /usr/lib/gcc/arm-none-eabi/13.2.1/thumb/v6-m/nofp/libgcc.a(_thumb1_case_shi.o)
 .debug_abbrev  0x0000319d       0x28 /usr/lib/gcc/arm-none-eabi/13.2.1/thumb/v6-m/nofp/libgcc.a(_udivsi3.o)
 .debug_abbrev  0x000031c5       0x28 /usr/lib/gcc/arm-none-eabi/13.2.1/thumb/v6-m/nofp/libgcc.a(_divsi3.o)
 .debug_abbrev  0x000031ed       0x26 /usr/lib/gcc/arm-none-eabi/13.2.1/thumb/v6-m/nofp/libgcc.a(_dvmd_tls.o)
 .debug_abbrev  0x00003213       0x28 /usr/lib/gcc/arm-none-eabi/13.2.1/thumb/v6-m/nofp/libgcc.a(_aeabi_uldivmod.o)
 .debug_abbrev  0x0000323b      0x152 /usr/lib/gcc/arm-none-eabi/13.2.1/thumb/v6-m/nofp/libgcc.a(_muldi3.o)
 .debug_abbrev  0x0000338d      0x120 /usr/lib/gcc/arm-none-eabi/13.2.1/thumb/v6-m/nofp/libgcc.a(_udivmoddi4.o)
 .debug_abbrev  0x000034ad       0x14 /usr/lib/gcc/arm-none-eabi/13.2.1/thumb/v6-m/nofp/libgcc.a(_clzdi2.o)
 .debug_abbrev  0x000034c1       0x28 /usr/lib/gcc/arm-none-eabi/13.2.1/thumb/v6-m/nofp/libgcc.a(_clzsi2.o)

.debug_loc      0x00000000     0xdf2f
 .debug_loc     0x00000000     0x1d91 build/main.o
 .debug_loc     0x00001d91       0x40 build/stm32g0xx_it.o
 .debug_loc     0x00001dd1       0xcf build/stm32g0xx_hal_msp.o
 .debug_loc     0x00001ea0     0x17d1 build/stm32g0xx_hal_adc.o
 .debug_loc     0x00003671      0x4d1 build/stm32g0xx_hal_adc_ex.o
 .debug_loc     0x00003b42     0x2533 build/stm32g0xx_hal_spi.o
 .debug_loc     0x00006075     0x4ce0 build/stm32g0xx_hal_uart.o
 .debug_loc     0x0000ad55      0xdbe build/stm32g0xx_hal_uart_ex.o
 .debug_loc     0x0000bb13      0x83e build/stm32g0xx_hal_rcc.o
 .debug_loc     0x0000c351      0x469 build/stm32g0xx_hal_gpio.o
 .debug_loc     0x0000c7ba      0xaf9 build/stm32g0xx_hal_dma.o
 .debug_loc     0x0000d2b3      0x3d0 build/stm32g0xx_hal_pwr_ex.o
 .debug_loc     0x0000d683      0x541 build/stm32g0xx_hal_cortex.o
 .debug_loc     0x0000dbc4      0x26b build/stm32g0xx_hal.o
 .debug_loc     0x0000de2f      0x100 build/system_stm32g0xx.o

.debug_aranges  0x00000000      0xd78
 .debug_aranges
                0x00000000       0xd8 build/main.o
 .debug_aranges
                0x000000d8       0x48 build/stm32g0xx_it.o
 .debug_aranges
                0x00000120       0x30 build/stm32g0xx_hal_msp.o
 .debug_aranges
                0x00000150      0x108 build/stm32g0xx_hal_adc.o
 .debug_aranges
                0x00000258       0x58 build/stm32g0xx_hal_adc_ex.o
 .debug_aranges
                0x000002b0      0x1d8 build/stm32g0xx_hal_spi.o
 .debug_aranges
                0x00000488      0x248 build/stm32g0xx_hal_uart.o
 .debug_aranges
                0x000006d0       0xa0 build/stm32g0xx_hal_uart_ex.o
 .debug_aranges
                0x00000770       0x98 build/stm32g0xx_hal_rcc.o
 .debug_aranges
                0x00000808       0x60 build/stm32g0xx_hal_gpio.o
 .debug_aranges
                0x00000868       0x88 build/stm32g0xx_hal_dma.o
 .debug_aranges
                0x000008f0       0x98 build/stm32g0xx_hal_pwr_ex.o
 .debug_aranges
                0x00000988       0xa0 build/stm32g0xx_hal_cortex.o
 .debug_aranges
                0x00000a28      0x100 build/stm32g0xx_hal.o
 .debug_aranges
                0x00000b28       0x28 build/system_stm32g0xx.o
 .debug_aranges
                0x00000b50       0x28 build/startup_stm32g030xx.o
 .debug_aranges
                0x00000b78       0x20 /usr/lib/gcc/arm-none-eabi/13.2.1/../../../arm-none-eabi/lib/thumb/v6-m/nofp/libc_nano.a(libc_a-strlen-stub.o)
 .debug_aranges
                0x00000b98       0x20 /usr/lib/gcc/arm-none-eabi/13.2.1/../../../arm-none-eabi/lib/thumb/v6-m/nofp/libc_nano.a(libc_a-init.o)
 .debug_aranges
                0x00000bb8       0x20 /usr/lib/gcc/arm-none-eabi/13.2.1/../../../arm-none-eabi/lib/thumb/v6-m/nofp/libc_nano.a(libc_a-memset.o)
 .debug_aranges
                0x00000bd8       0x20 /usr/lib/gcc/arm-none-eabi/13.2.1/../../../arm-none-eabi/lib/thumb/v6-m/nofp/libc_nano.a(libc_a-strncpy.o)
 .debug_aranges
                0x00000bf8       0x20 /usr/lib/gcc/arm-none-eabi/13.2.1/../../../arm-none-eabi/lib/thumb/v6-m/nofp/libc_nano.a(libc_a-strncmp.o)
 .debug_aranges
                0x00000c18       0x20 /usr/lib/gcc/arm-none-eabi/13.2.1/../../../arm-none-eabi/lib/thumb/v6-m/nofp/libc_nano.a(libc_a-memcpy-stub.o)
 .debug_aranges
                0x00000c38       0x20 /usr/lib/gcc/arm-none-eabi/13.2.1/thumb/v6-m/nofp/libgcc.a(_thumb1_case_uqi.o)
 .debug_aranges
                0x00000c58       0x20 /usr/lib/gcc/arm-none-eabi/13.2.1/thumb/v6-m/nofp/libgcc.a(_thumb1_case_shi.o)
 .debug_aranges
                0x00000c78       0x20 /usr/lib/gcc/arm-none-eabi/13.2.1/thumb/v6-m/nofp/libgcc.a(_udivsi3.o)
 .debug_aranges
                0x00000c98       0x20 /usr/lib/gcc/arm-none-eabi/13.2.1/thumb/v6-m/nofp/libgcc.a(_divsi3.o)
 .debug_aranges
                0x00000cb8       0x20 /usr/lib/gcc/arm-none-eabi/13.2.1/thumb/v6-m/nofp/libgcc.a(_dvmd_tls.o)
 .debug_aranges
                0x00000cd8       0x20 /usr/lib/gcc/arm-none-eabi/13.2.1/thumb/v6-m/nofp/libgcc.a(_aeabi_uldivmod.o)
 .debug_aranges
                0x00000cf8       0x20 /usr/lib/gcc/arm-none-eabi/13.2.1/thumb/v6-m/nofp/libgcc.a(_muldi3.o)
 .debug_aranges
                0x00000d18       0x20 /usr/lib/gcc/arm-none-eabi/13.2.1/thumb/v6-m/nofp/libgcc.a(_udivmoddi4.o)
 .debug_aranges
                0x00000d38       0x20 /usr/lib/gcc/arm-none-eabi/13.2.1/thumb/v6-m/nofp/libgcc.a(_clzdi2.o)
 .debug_aranges
                0x00000d58       0x20 /usr/lib/gcc/arm-none-eabi/13.2.1/thumb/v6-m/nofp/libgcc.a(_clzsi2.o)

.debug_ranges   0x00000000     0x17e0
 .debug_ranges  0x00000000      0x5e0 build/main.o
 .debug_ranges  0x000005e0       0x38 build/stm32g0xx_it.o
 .debug_ranges  0x00000618       0x98 build/stm32g0xx_hal_msp.o
 .debug_ranges  0x000006b0      0x320 build/stm32g0xx_hal_adc.o
 .debug_ranges  0x000009d0      0x128 build/stm32g0xx_hal_adc_ex.o
 .debug_ranges  0x00000af8      0x298 build/stm32g0xx_hal_spi.o
 .debug_ranges  0x00000d90      0x508 build/stm32g0xx_hal_uart.o
 .debug_ranges  0x00001298       0xf0 build/stm32g0xx_hal_uart_ex.o
 .debug_ranges  0x00001388       0xd0 build/stm32g0xx_hal_rcc.o
 .debug_ranges  0x00001458       0x50 build/stm32g0xx_hal_gpio.o
 .debug_ranges  0x000014a8       0x90 build/stm32g0xx_hal_dma.o
 .debug_ranges  0x00001538       0x88 build/stm32g0xx_hal_pwr_ex.o
 .debug_ranges  0x000015c0       0xf8 build/stm32g0xx_hal_cortex.o
 .debug_ranges  0x000016b8       0xf0 build/stm32g0xx_hal.o
 .debug_ranges  0x000017a8       0x18 build/system_stm32g0xx.o
 .debug_ranges  0x000017c0       0x20 build/startup_stm32g030xx.o

.debug_line     0x00000000    0x10963
 .debug_line    0x00000000     0x216a build/main.o
 .debug_line    0x0000216a      0x1c8 build/stm32g0xx_it.o
 .debug_line    0x00002332      0x221 build/stm32g0xx_hal_msp.o
 .debug_line    0x00002553     0x1a46 build/stm32g0xx_hal_adc.o
 .debug_line    0x00003f99      0x627 build/stm32g0xx_hal_adc_ex.o
 .debug_line    0x000045c0     0x28e4 build/stm32g0xx_hal_spi.o
 .debug_line    0x00006ea4     0x4ca8 build/stm32g0xx_hal_uart.o
 .debug_line    0x0000bb4c      0xb1f build/stm32g0xx_hal_uart_ex.o
 .debug_line    0x0000c66b      0xeb8 build/stm32g0xx_hal_rcc.o
 .debug_line    0x0000d523      0x681 build/stm32g0xx_hal_gpio.o
 .debug_line    0x0000dba4      0xb11 build/stm32g0xx_hal_dma.o
 .debug_line    0x0000e6b5      0x4af build/stm32g0xx_hal_pwr_ex.o
 .debug_line    0x0000eb64      0x66d build/stm32g0xx_hal_cortex.o
 .debug_line    0x0000f1d1      0x61c build/stm32g0xx_hal.o
 .debug_line    0x0000f7ed      0x1e4 build/system_stm32g0xx.o
 .debug_line    0x0000f9d1       0x74 build/startup_stm32g030xx.o
 .debug_line    0x0000fa45      0x1aa /usr/lib/gcc/arm-none-eabi/13.2.1/../../../arm-none-eabi/lib/thumb/v6-m/nofp/libc_nano.a(libc_a-strlen-stub.o)
 .debug_line    0x0000fbef      0x105 /usr/lib/gcc/arm-none-eabi/13.2.1/../../../arm-none-eabi/lib/thumb/v6-m/nofp/libc_nano.a(libc_a-init.o)
 .debug_line    0x0000fcf4      0x1bd /usr/lib/gcc/arm-none-eabi/13.2.1/../../../arm-none-eabi/lib/thumb/v6-m/nofp/libc_nano.a(libc_a-memset.o)
 .debug_line    0x0000feb1      0x174 /usr/lib/gcc/arm-none-eabi/13.2.1/../../../arm-none-eabi/lib/thumb/v6-m/nofp/libc_nano.a(libc_a-strncpy.o)
 .debug_line    0x00010025      0x1d6 /usr/lib/gcc/arm-none-eabi/13.2.1/../../../arm-none-eabi/lib/thumb/v6-m/nofp/libc_nano.a(libc_a-strncmp.o)
 .debug_line    0x000101fb      0x1e7 /usr/lib/gcc/arm-none-eabi/13.2.1/../../../arm-none-eabi/lib/thumb/v6-m/nofp/libc_nano.a(libc_a-memcpy-stub.o)
 .debug_line    0x000103e2       0x52 /usr/lib/gcc/arm-none-eabi/13.2.1/thumb/v6-m/nofp/libgcc.a(_thumb1_case_uqi.o)
 .debug_line    0x00010434       0x53 /usr/lib/gcc/arm-none-eabi/13.2.1/thumb/v6-m/nofp/libgcc.a(_thumb1_case_shi.o)
 .debug_line    0x00010487       0x56 /usr/lib/gcc/arm-none-eabi/13.2.1/thumb/v6-m/nofp/libgcc.a(_udivsi3.o)
 .debug_line    0x000104dd       0x5d /usr/lib/gcc/arm-none-eabi/13.2.1/thumb/v6-m/nofp/libgcc.a(_divsi3.o)
 .debug_line    0x0001053a       0x4a /usr/lib/gcc/arm-none-eabi/13.2.1/thumb/v6-m/nofp/libgcc.a(_dvmd_tls.o)
 .debug_line    0x00010584       0x55 /usr/lib/gcc/arm-none-eabi/13.2.1/thumb/v6-m/nofp/libgcc.a(_aeabi_uldivmod.o)
 .debug_line    0x000105d9      0x11f /usr/lib/gcc/arm-none-eabi/13.2.1/thumb/v6-m/nofp/libgcc.a(_muldi3.o)
 .debug_line    0x000106f8      0x1b9 /usr/lib/gcc/arm-none-eabi/13.2.1/thumb/v6-m/nofp/libgcc.a(_udivmoddi4.o)
 .debug_line    0x000108b1       0x54 /usr/lib/gcc/arm-none-eabi/13.2.1/thumb/v6-m/nofp/libgcc.a(_clzdi2.o)
 .debug_line    0x00010905       0x5e /usr/lib/gcc/arm-none-eabi/13.2.1/thumb/v6-m/nofp/libgcc.a(_clzsi2.o)

.debug_str      0x00000000     0x4abf
 .debug_str     0x00000000     0x4abf build/main.o
                               0x1814 (size before relaxing)
 .debug_str     0x00004abf      0x720 build/stm32g0xx_it.o
 .debug_str     0x00004abf      0x81a build/stm32g0xx_hal_msp.o
 .debug_str     0x00004abf      0xf64 build/stm32g0xx_hal_adc.o
 .debug_str     0x00004abf      0x9fa build/stm32g0xx_hal_adc_ex.o
 .debug_str     0x00004abf      0xc6a build/stm32g0xx_hal_spi.o
 .debug_str     0x00004abf     0x10fa build/stm32g0xx_hal_uart.o
 .debug_str     0x00004abf      0xb0a build/stm32g0xx_hal_uart_ex.o
 .debug_str     0x00004abf      0x736 build/stm32g0xx_hal_rcc.o
 .debug_str     0x00004abf      0x3b8 build/stm32g0xx_hal_gpio.o
 .debug_str     0x00004abf      0x748 build/stm32g0xx_hal_dma.o
 .debug_str     0x00004abf      0x4ae build/stm32g0xx_hal_pwr_ex.o
 .debug_str     0x00004abf      0x6e8 build/stm32g0xx_hal_cortex.o
 .debug_str     0x00004abf      0x7fb build/stm32g0xx_hal.o
 .debug_str     0x00004abf      0x2ae build/system_stm32g0xx.o
 .debug_str     0x00004abf       0x4a build/startup_stm32g030xx.o
 .debug_str     0x00004abf      0x1af /usr/lib/gcc/arm-none-eabi/13.2.1/../../../arm-none-eabi/lib/thumb/v6-m/nofp/libc_nano.a(libc_a-strlen-stub.o)
 .debug_str     0x00004abf      0x1f3 /usr/lib/gcc/arm-none-eabi/13.2.1/../../../arm-none-eabi/lib/thumb/v6-m/nofp/libc_nano.a(libc_a-init.o)
 .debug_str     0x00004abf      0x1a6 /usr/lib/gcc/arm-none-eabi/13.2.1/../../../arm-none-eabi/lib/thumb/v6-m/nofp/libc_nano.a(libc_a-memset.o)
 .debug_str     0x00004abf      0x1bc /usr/lib/gcc/arm-none-eabi/13.2.1/../../../arm-none-eabi/lib/thumb/v6-m/nofp/libc_nano.a(libc_a-strncpy.o)
 .debug_str     0x00004abf      0x194 /usr/lib/gcc/arm-none-eabi/13.2.1/../../../arm-none-eabi/lib/thumb/v6-m/nofp/libc_nano.a(libc_a-strncmp.o)
 .debug_str     0x00004abf      0x1c3 /usr/lib/gcc/arm-none-eabi/13.2.1/../../../arm-none-eabi/lib/thumb/v6-m/nofp/libc_nano.a(libc_a-memcpy-stub.o)
 .debug_str     0x00004abf       0xb9 /usr/lib/gcc/arm-none-eabi/13.2.1/thumb/v6-m/nofp/libgcc.a(_thumb1_case_uqi.o)
 .debug_str     0x00004abf       0xb9 /usr/lib/gcc/arm-none-eabi/13.2.1/thumb/v6-m/nofp/libgcc.a(_thumb1_case_shi.o)
 .debug_str     0x00004abf       0xbe /usr/lib/gcc/arm-none-eabi/13.2.1/thumb/v6-m/nofp/libgcc.a(_udivsi3.o)
 .debug_str     0x00004abf       0xbc /usr/lib/gcc/arm-none-eabi/13.2.1/thumb/v6-m/nofp/libgcc.a(_divsi3.o)
 .debug_str     0x00004abf       0xbf /usr/lib/gcc/arm-none-eabi/13.2.1/thumb/v6-m/nofp/libgcc.a(_dvmd_tls.o)
 .debug_str     0x00004abf       0xb4 /usr/lib/gcc/arm-none-eabi/13.2.1/thumb/v6-m/nofp/libgcc.a(_aeabi_uldivmod.o)
 .debug_str     0x00004abf      0x66a /usr/lib/gcc/arm-none-eabi/13.2.1/thumb/v6-m/nofp/libgcc.a(_muldi3.o)
 .debug_str     0x00004abf      0x640 /usr/lib/gcc/arm-none-eabi/13.2.1/thumb/v6-m/nofp/libgcc.a(_udivmoddi4.o)
 .debug_str     0x00004abf       0xa3 /usr/lib/gcc/arm-none-eabi/13.2.1/thumb/v6-m/nofp/libgcc.a(_clzdi2.o)
 .debug_str     0x00004abf       0xac /usr/lib/gcc/arm-none-eabi/13.2.1/thumb/v6-m/nofp/libgcc.a(_clzsi2.o)

.debug_frame    0x00000000     0x201c
 .debug_frame   0x00000000      0x280 build/main.o
 .debug_frame   0x00000280       0x80 build/stm32g0xx_it.o
 .debug_frame   0x00000300       0x58 build/stm32g0xx_hal_msp.o
 .debug_frame   0x00000358      0x304 build/stm32g0xx_hal_adc.o
 .debug_frame   0x0000065c       0xac build/stm32g0xx_hal_adc_ex.o
 .debug_frame   0x00000708      0x5b8 build/stm32g0xx_hal_spi.o
 .debug_frame   0x00000cc0      0x720 build/stm32g0xx_hal_uart.o
 .debug_frame   0x000013e0      0x1d4 build/stm32g0xx_hal_uart_ex.o
 .debug_frame   0x000015b4      0x178 build/stm32g0xx_hal_rcc.o
 .debug_frame   0x0000172c       0xd0 build/stm32g0xx_hal_gpio.o
 .debug_frame   0x000017fc      0x1a8 build/stm32g0xx_hal_dma.o
 .debug_frame   0x000019a4      0x140 build/stm32g0xx_hal_pwr_ex.o
 .debug_frame   0x00001ae4      0x130 build/stm32g0xx_hal_cortex.o
 .debug_frame   0x00001c14      0x214 build/stm32g0xx_hal.o
 .debug_frame   0x00001e28       0x38 build/system_stm32g0xx.o
 .debug_frame   0x00001e60       0x28 /usr/lib/gcc/arm-none-eabi/13.2.1/../../../arm-none-eabi/lib/thumb/v6-m/nofp/libc_nano.a(libc_a-strlen-stub.o)
 .debug_frame   0x00001e88       0x2c /usr/lib/gcc/arm-none-eabi/13.2.1/../../../arm-none-eabi/lib/thumb/v6-m/nofp/libc_nano.a(libc_a-init.o)
 .debug_frame   0x00001eb4       0x30 /usr/lib/gcc/arm-none-eabi/13.2.1/../../../arm-none-eabi/lib/thumb/v6-m/nofp/libc_nano.a(libc_a-memset.o)
 .debug_frame   0x00001ee4       0x2c /usr/lib/gcc/arm-none-eabi/13.2.1/../../../arm-none-eabi/lib/thumb/v6-m/nofp/libc_nano.a(libc_a-strncpy.o)
 .debug_frame   0x00001f10       0x2c /usr/lib/gcc/arm-none-eabi/13.2.1/../../../arm-none-eabi/lib/thumb/v6-m/nofp/libc_nano.a(libc_a-strncmp.o)
 .debug_frame   0x00001f3c       0x30 /usr/lib/gcc/arm-none-eabi/13.2.1/../../../arm-none-eabi/lib/thumb/v6-m/nofp/libc_nano.a(libc_a-memcpy-stub.o)
 .debug_frame   0x00001f6c       0x20 /usr/lib/gcc/arm-none-eabi/13.2.1/thumb/v6-m/nofp/libgcc.a(_udivsi3.o)
 .debug_frame   0x00001f8c       0x20 /usr/lib/gcc/arm-none-eabi/13.2.1/thumb/v6-m/nofp/libgcc.a(_divsi3.o)
 .debug_frame   0x00001fac       0x34 /usr/lib/gcc/arm-none-eabi/13.2.1/thumb/v6-m/nofp/libgcc.a(_muldi3.o)
 .debug_frame   0x00001fe0       0x3c /usr/lib/gcc/arm-none-eabi/13.2.1/thumb/v6-m/nofp/libgcc.a(_udivmoddi4.o)

.debug_loclists
                0x00000000      0xafd
 .debug_loclists
                0x00000000       0x57 /usr/lib/gcc/arm-none-eabi/13.2.1/../../../arm-none-eabi/lib/thumb/v6-m/nofp/libc_nano.a(libc_a-strlen-stub.o)
 .debug_loclists
                0x00000057       0x5a /usr/lib/gcc/arm-none-eabi/13.2.1/../../../arm-none-eabi/lib/thumb/v6-m/nofp/libc_nano.a(libc_a-init.o)
 .debug_loclists
                0x000000b1      0x1c6 /usr/lib/gcc/arm-none-eabi/13.2.1/../../../arm-none-eabi/lib/thumb/v6-m/nofp/libc_nano.a(libc_a-memset.o)
 .debug_loclists
                0x00000277       0xe3 /usr/lib/gcc/arm-none-eabi/13.2.1/../../../arm-none-eabi/lib/thumb/v6-m/nofp/libc_nano.a(libc_a-strncpy.o)
 .debug_loclists
                0x0000035a      0x105 /usr/lib/gcc/arm-none-eabi/13.2.1/../../../arm-none-eabi/lib/thumb/v6-m/nofp/libc_nano.a(libc_a-strncmp.o)
 .debug_loclists
                0x0000045f      0x2c7 /usr/lib/gcc/arm-none-eabi/13.2.1/../../../arm-none-eabi/lib/thumb/v6-m/nofp/libc_nano.a(libc_a-memcpy-stub.o)
 .debug_loclists
                0x00000726      0x13c /usr/lib/gcc/arm-none-eabi/13.2.1/thumb/v6-m/nofp/libgcc.a(_muldi3.o)
 .debug_loclists
                0x00000862      0x29b /usr/lib/gcc/arm-none-eabi/13.2.1/thumb/v6-m/nofp/libgcc.a(_udivmoddi4.o)

.debug_line_str
                0x00000000       0xa3
 .debug_line_str
                0x00000000       0xa3 /usr/lib/gcc/arm-none-eabi/13.2.1/thumb/v6-m/nofp/libgcc.a(_thumb1_case_uqi.o)
                                 0x97 (size before relaxing)
 .debug_line_str
                0x000000a3       0x97 /usr/lib/gcc/arm-none-eabi/13.2.1/thumb/v6-m/nofp/libgcc.a(_thumb1_case_shi.o)
 .debug_line_str
                0x000000a3       0x97 /usr/lib/gcc/arm-none-eabi/13.2.1/thumb/v6-m/nofp/libgcc.a(_udivsi3.o)
 .debug_line_str
                0x000000a3       0x97 /usr/lib/gcc/arm-none-eabi/13.2.1/thumb/v6-m/nofp/libgcc.a(_divsi3.o)
 .debug_line_str
                0x000000a3       0x97 /usr/lib/gcc/arm-none-eabi/13.2.1/thumb/v6-m/nofp/libgcc.a(_dvmd_tls.o)
 .debug_line_str
                0x000000a3       0x97 /usr/lib/gcc/arm-none-eabi/13.2.1/thumb/v6-m/nofp/libgcc.a(_aeabi_uldivmod.o)
 .debug_line_str
                0x000000a3       0x97 /usr/lib/gcc/arm-none-eabi/13.2.1/thumb/v6-m/nofp/libgcc.a(_clzdi2.o)
 .debug_line_str
                0x000000a3       0x97 /usr/lib/gcc/arm-none-eabi/13.2.1/thumb/v6-m/nofp/libgcc.a(_clzsi2.o)

.debug_rnglists
                0x00000000       0x22
 .debug_rnglists
                0x00000000       0x22 /usr/lib/gcc/arm-none-eabi/13.2.1/thumb/v6-m/nofp/libgcc.a(_muldi3.o)

Cross Reference Table

Symbol                                            File
ADC1_IRQHandler                                   build/startup_stm32g030xx.o
ADC_ConversionStop                                build/stm32g0xx_hal_adc.o
ADC_Disable                                       build/stm32g0xx_hal_adc.o
                                                  build/stm32g0xx_hal_adc_ex.o
ADC_Enable                                        build/stm32g0xx_hal_adc.o
AHBPrescTable                                     build/system_stm32g0xx.o
                                                  build/stm32g0xx_hal_rcc.o
APBPrescTable                                     build/system_stm32g0xx.o
                                                  build/stm32g0xx_hal_rcc.o
DMA1_Ch4_5_DMAMUX1_OVR_IRQHandler                 build/startup_stm32g030xx.o
DMA1_Channel1_IRQHandler                          build/startup_stm32g030xx.o
DMA1_Channel2_3_IRQHandler                        build/startup_stm32g030xx.o
Default_Handler                                   build/startup_stm32g030xx.o
EXTI0_1_IRQHandler                                build/startup_stm32g030xx.o
EXTI2_3_IRQHandler                                build/startup_stm32g030xx.o
EXTI4_15_IRQHandler                               build/startup_stm32g030xx.o
Error_Handler                                     build/main.o
FLASH_FlushCaches                                 build/stm32g0xx_hal_flash_ex.o
FLASH_IRQHandler                                  build/startup_stm32g030xx.o
FLASH_PageErase                                   build/stm32g0xx_hal_flash_ex.o
                                                  build/stm32g0xx_hal_flash.o
FLASH_WaitForLastOperation                        build/stm32g0xx_hal_flash.o
                                                  build/stm32g0xx_hal_flash_ex.o
HAL_ADCEx_Calibration_GetValue                    build/stm32g0xx_hal_adc_ex.o
HAL_ADCEx_Calibration_SetValue                    build/stm32g0xx_hal_adc_ex.o
HAL_ADCEx_Calibration_Start                       build/stm32g0xx_hal_adc_ex.o
                                                  build/main.o
HAL_ADCEx_ChannelConfigReadyCallback              build/stm32g0xx_hal_adc_ex.o
                                                  build/stm32g0xx_hal_adc.o
HAL_ADCEx_DisableVoltageRegulator                 build/stm32g0xx_hal_adc_ex.o
HAL_ADCEx_EndOfSamplingCallback                   build/stm32g0xx_hal_adc_ex.o
                                                  build/stm32g0xx_hal_adc.o
HAL_ADCEx_LevelOutOfWindow2Callback               build/stm32g0xx_hal_adc_ex.o
                                                  build/stm32g0xx_hal_adc.o
HAL_ADCEx_LevelOutOfWindow3Callback               build/stm32g0xx_hal_adc_ex.o
                                                  build/stm32g0xx_hal_adc.o
HAL_ADC_AnalogWDGConfig                           build/stm32g0xx_hal_adc.o
HAL_ADC_ConfigChannel                             build/stm32g0xx_hal_adc.o
                                                  build/main.o
HAL_ADC_ConvCpltCallback                          build/stm32g0xx_hal_adc.o
HAL_ADC_ConvHalfCpltCallback                      build/stm32g0xx_hal_adc.o
HAL_ADC_DeInit                                    build/stm32g0xx_hal_adc.o
HAL_ADC_ErrorCallback                             build/stm32g0xx_hal_adc.o
HAL_ADC_GetError                                  build/stm32g0xx_hal_adc.o
HAL_ADC_GetState                                  build/stm32g0xx_hal_adc.o
HAL_ADC_GetValue                                  build/stm32g0xx_hal_adc.o
                                                  build/main.o
HAL_ADC_IRQHandler                                build/stm32g0xx_hal_adc.o
HAL_ADC_Init                                      build/stm32g0xx_hal_adc.o
                                                  build/main.o
HAL_ADC_LevelOutOfWindowCallback                  build/stm32g0xx_hal_adc.o
HAL_ADC_MspDeInit                                 build/stm32g0xx_hal_msp.o
HAL_ADC_MspInit                                   build/stm32g0xx_hal_msp.o
HAL_ADC_PollForConversion                         build/stm32g0xx_hal_adc.o
                                                  build/main.o
HAL_ADC_PollForEvent                              build/stm32g0xx_hal_adc.o
HAL_ADC_Start                                     build/stm32g0xx_hal_adc.o
                                                  build/main.o
HAL_ADC_Start_DMA                                 build/stm32g0xx_hal_adc.o
HAL_ADC_Start_IT                                  build/stm32g0xx_hal_adc.o
HAL_ADC_Stop                                      build/stm32g0xx_hal_adc.o
                                                  build/main.o
HAL_ADC_Stop_DMA                                  build/stm32g0xx_hal_adc.o
HAL_ADC_Stop_IT                                   build/stm32g0xx_hal_adc.o
HAL_DBGMCU_DisableDBGStandbyMode                  build/stm32g0xx_hal.o
HAL_DBGMCU_DisableDBGStopMode                     build/stm32g0xx_hal.o
HAL_DBGMCU_EnableDBGStandbyMode                   build/stm32g0xx_hal.o
HAL_DBGMCU_EnableDBGStopMode                      build/stm32g0xx_hal.o
HAL_DMAEx_ConfigMuxRequestGenerator               build/stm32g0xx_hal_dma_ex.o
HAL_DMAEx_ConfigMuxSync                           build/stm32g0xx_hal_dma_ex.o
HAL_DMAEx_DisableMuxRequestGenerator              build/stm32g0xx_hal_dma_ex.o
HAL_DMAEx_EnableMuxRequestGenerator               build/stm32g0xx_hal_dma_ex.o
HAL_DMAEx_MUX_IRQHandler                          build/stm32g0xx_hal_dma_ex.o
HAL_DMA_Abort                                     build/stm32g0xx_hal_dma.o
                                                  build/stm32g0xx_hal_uart.o
                                                  build/stm32g0xx_hal_spi.o
                                                  build/stm32g0xx_hal_adc.o
HAL_DMA_Abort_IT                                  build/stm32g0xx_hal_dma.o
                                                  build/stm32g0xx_hal_uart.o
                                                  build/stm32g0xx_hal_spi.o
HAL_DMA_DeInit                                    build/stm32g0xx_hal_dma.o
HAL_DMA_GetError                                  build/stm32g0xx_hal_dma.o
                                                  build/stm32g0xx_hal_uart.o
HAL_DMA_GetState                                  build/stm32g0xx_hal_dma.o
HAL_DMA_IRQHandler                                build/stm32g0xx_hal_dma.o
HAL_DMA_Init                                      build/stm32g0xx_hal_dma.o
HAL_DMA_PollForTransfer                           build/stm32g0xx_hal_dma.o
HAL_DMA_RegisterCallback                          build/stm32g0xx_hal_dma.o
HAL_DMA_Start                                     build/stm32g0xx_hal_dma.o
HAL_DMA_Start_IT                                  build/stm32g0xx_hal_dma.o
                                                  build/stm32g0xx_hal_uart.o
                                                  build/stm32g0xx_hal_spi.o
                                                  build/stm32g0xx_hal_adc.o
HAL_DMA_UnRegisterCallback                        build/stm32g0xx_hal_dma.o
HAL_DeInit                                        build/stm32g0xx_hal.o
HAL_Delay                                         build/stm32g0xx_hal.o
                                                  build/main.o
HAL_EXTI_ClearConfigLine                          build/stm32g0xx_hal_exti.o
HAL_EXTI_ClearPending                             build/stm32g0xx_hal_exti.o
HAL_EXTI_GenerateSWI                              build/stm32g0xx_hal_exti.o
HAL_EXTI_GetConfigLine                            build/stm32g0xx_hal_exti.o
HAL_EXTI_GetHandle                                build/stm32g0xx_hal_exti.o
HAL_EXTI_GetPending                               build/stm32g0xx_hal_exti.o
HAL_EXTI_IRQHandler                               build/stm32g0xx_hal_exti.o
HAL_EXTI_RegisterCallback                         build/stm32g0xx_hal_exti.o
HAL_EXTI_SetConfigLine                            build/stm32g0xx_hal_exti.o
HAL_FLASHEx_Erase                                 build/stm32g0xx_hal_flash_ex.o
HAL_FLASHEx_Erase_IT                              build/stm32g0xx_hal_flash_ex.o
HAL_FLASHEx_FlashEmptyCheck                       build/stm32g0xx_hal_flash_ex.o
HAL_FLASHEx_ForceFlashEmpty                       build/stm32g0xx_hal_flash_ex.o
HAL_FLASHEx_OBGetConfig                           build/stm32g0xx_hal_flash_ex.o
HAL_FLASHEx_OBProgram                             build/stm32g0xx_hal_flash_ex.o
HAL_FLASH_EndOfOperationCallback                  build/stm32g0xx_hal_flash.o
HAL_FLASH_GetError                                build/stm32g0xx_hal_flash.o
HAL_FLASH_IRQHandler                              build/stm32g0xx_hal_flash.o
HAL_FLASH_Lock                                    build/stm32g0xx_hal_flash.o
HAL_FLASH_OB_Launch                               build/stm32g0xx_hal_flash.o
HAL_FLASH_OB_Lock                                 build/stm32g0xx_hal_flash.o
HAL_FLASH_OB_Unlock                               build/stm32g0xx_hal_flash.o
HAL_FLASH_OperationErrorCallback                  build/stm32g0xx_hal_flash.o
HAL_FLASH_Program                                 build/stm32g0xx_hal_flash.o
HAL_FLASH_Program_IT                              build/stm32g0xx_hal_flash.o
HAL_FLASH_Unlock                                  build/stm32g0xx_hal_flash.o
HAL_GPIO_DeInit                                   build/stm32g0xx_hal_gpio.o
                                                  build/stm32g0xx_hal_msp.o
HAL_GPIO_EXTI_Falling_Callback                    build/stm32g0xx_hal_gpio.o
HAL_GPIO_EXTI_IRQHandler                          build/stm32g0xx_hal_gpio.o
HAL_GPIO_EXTI_Rising_Callback                     build/stm32g0xx_hal_gpio.o
HAL_GPIO_Init                                     build/stm32g0xx_hal_gpio.o
                                                  build/stm32g0xx_hal_rcc_ex.o
                                                  build/stm32g0xx_hal_rcc.o
                                                  build/stm32g0xx_hal_msp.o
                                                  build/main.o
HAL_GPIO_LockPin                                  build/stm32g0xx_hal_gpio.o
HAL_GPIO_ReadPin                                  build/stm32g0xx_hal_gpio.o
HAL_GPIO_TogglePin                                build/stm32g0xx_hal_gpio.o
HAL_GPIO_WritePin                                 build/stm32g0xx_hal_gpio.o
                                                  build/main.o
HAL_GetDEVID                                      build/stm32g0xx_hal.o
HAL_GetHalVersion                                 build/stm32g0xx_hal.o
HAL_GetREVID                                      build/stm32g0xx_hal.o
HAL_GetTick                                       build/stm32g0xx_hal.o
                                                  build/stm32g0xx_hal_dma.o
                                                  build/stm32g0xx_hal_flash.o
                                                  build/stm32g0xx_hal_rcc_ex.o
                                                  build/stm32g0xx_hal_rcc.o
                                                  build/stm32g0xx_hal_uart_ex.o
                                                  build/stm32g0xx_hal_uart.o
                                                  build/stm32g0xx_hal_spi.o
                                                  build/stm32g0xx_hal_adc_ex.o
                                                  build/stm32g0xx_hal_adc.o
                                                  build/main.o
HAL_GetTickFreq                                   build/stm32g0xx_hal.o
HAL_GetTickPrio                                   build/stm32g0xx_hal.o
HAL_GetUIDw0                                      build/stm32g0xx_hal.o
HAL_GetUIDw1                                      build/stm32g0xx_hal.o
HAL_GetUIDw2                                      build/stm32g0xx_hal.o
HAL_HalfDuplex_EnableReceiver                     build/stm32g0xx_hal_uart.o
HAL_HalfDuplex_EnableTransmitter                  build/stm32g0xx_hal_uart.o
HAL_HalfDuplex_Init                               build/stm32g0xx_hal_uart.o
HAL_IncTick                                       build/stm32g0xx_hal.o
                                                  build/stm32g0xx_it.o
HAL_Init                                          build/stm32g0xx_hal.o
                                                  build/main.o
HAL_InitTick                                      build/stm32g0xx_hal.o
                                                  build/stm32g0xx_hal_rcc.o
HAL_LIN_Init                                      build/stm32g0xx_hal_uart.o
HAL_LIN_SendBreak                                 build/stm32g0xx_hal_uart.o
HAL_MPU_ConfigRegion                              build/stm32g0xx_hal_cortex.o
HAL_MPU_Disable                                   build/stm32g0xx_hal_cortex.o
HAL_MPU_DisableRegion                             build/stm32g0xx_hal_cortex.o
HAL_MPU_Enable                                    build/stm32g0xx_hal_cortex.o
HAL_MPU_EnableRegion                              build/stm32g0xx_hal_cortex.o
HAL_MspDeInit                                     build/stm32g0xx_hal.o
HAL_MspInit                                       build/stm32g0xx_hal_msp.o
HAL_MultiProcessorEx_AddressLength_Set            build/stm32g0xx_hal_uart_ex.o
HAL_MultiProcessor_DisableMuteMode                build/stm32g0xx_hal_uart.o
HAL_MultiProcessor_EnableMuteMode                 build/stm32g0xx_hal_uart.o
HAL_MultiProcessor_EnterMuteMode                  build/stm32g0xx_hal_uart.o
HAL_MultiProcessor_Init                           build/stm32g0xx_hal_uart.o
HAL_NVIC_ClearPendingIRQ                          build/stm32g0xx_hal_cortex.o
HAL_NVIC_DisableIRQ                               build/stm32g0xx_hal_cortex.o
HAL_NVIC_EnableIRQ                                build/stm32g0xx_hal_cortex.o
                                                  build/main.o
HAL_NVIC_GetPendingIRQ                            build/stm32g0xx_hal_cortex.o
HAL_NVIC_GetPriority                              build/stm32g0xx_hal_cortex.o
HAL_NVIC_SetPendingIRQ                            build/stm32g0xx_hal_cortex.o
HAL_NVIC_SetPriority                              build/stm32g0xx_hal_cortex.o
                                                  build/stm32g0xx_hal.o
                                                  build/main.o
HAL_NVIC_SystemReset                              build/stm32g0xx_hal_cortex.o
HAL_PWREx_ControlVoltageScaling                   build/stm32g0xx_hal_pwr_ex.o
                                                  build/main.o
HAL_PWREx_DisableBatteryCharging                  build/stm32g0xx_hal_pwr_ex.o
HAL_PWREx_DisableFlashPowerDown                   build/stm32g0xx_hal_pwr_ex.o
HAL_PWREx_DisableGPIOPullDown                     build/stm32g0xx_hal_pwr_ex.o
HAL_PWREx_DisableGPIOPullUp                       build/stm32g0xx_hal_pwr_ex.o
HAL_PWREx_DisableInternalWakeUpLine               build/stm32g0xx_hal_pwr_ex.o
HAL_PWREx_DisableLowPowerRunMode                  build/stm32g0xx_hal_pwr_ex.o
                                                  build/stm32g0xx_hal_pwr.o
HAL_PWREx_DisablePullUpPullDownConfig             build/stm32g0xx_hal_pwr_ex.o
HAL_PWREx_EnableBatteryCharging                   build/stm32g0xx_hal_pwr_ex.o
HAL_PWREx_EnableFlashPowerDown                    build/stm32g0xx_hal_pwr_ex.o
HAL_PWREx_EnableGPIOPullDown                      build/stm32g0xx_hal_pwr_ex.o
HAL_PWREx_EnableGPIOPullUp                        build/stm32g0xx_hal_pwr_ex.o
HAL_PWREx_EnableInternalWakeUpLine                build/stm32g0xx_hal_pwr_ex.o
HAL_PWREx_EnableLowPowerRunMode                   build/stm32g0xx_hal_pwr_ex.o
                                                  build/stm32g0xx_hal_pwr.o
HAL_PWREx_EnablePullUpPullDownConfig              build/stm32g0xx_hal_pwr_ex.o
HAL_PWREx_GetVoltageRange                         build/stm32g0xx_hal_pwr_ex.o
HAL_PWR_DeInit                                    build/stm32g0xx_hal_pwr.o
HAL_PWR_DisableBkUpAccess                         build/stm32g0xx_hal_pwr.o
                                                  build/stm32g0xx_hal_rcc_ex.o
HAL_PWR_DisableSEVOnPend                          build/stm32g0xx_hal_pwr.o
HAL_PWR_DisableSleepOnExit                        build/stm32g0xx_hal_pwr.o
HAL_PWR_DisableWakeUpPin                          build/stm32g0xx_hal_pwr.o
HAL_PWR_EnableBkUpAccess                          build/stm32g0xx_hal_pwr.o
                                                  build/stm32g0xx_hal_rcc_ex.o
HAL_PWR_EnableSEVOnPend                           build/stm32g0xx_hal_pwr.o
HAL_PWR_EnableSleepOnExit                         build/stm32g0xx_hal_pwr.o
HAL_PWR_EnableWakeUpPin                           build/stm32g0xx_hal_pwr.o
HAL_PWR_EnterSLEEPMode                            build/stm32g0xx_hal_pwr.o
HAL_PWR_EnterSTANDBYMode                          build/stm32g0xx_hal_pwr.o
HAL_PWR_EnterSTOPMode                             build/stm32g0xx_hal_pwr.o
HAL_RCCEx_DisableLSCO                             build/stm32g0xx_hal_rcc_ex.o
HAL_RCCEx_EnableLSCO                              build/stm32g0xx_hal_rcc_ex.o
HAL_RCCEx_GetPeriphCLKConfig                      build/stm32g0xx_hal_rcc_ex.o
HAL_RCCEx_GetPeriphCLKFreq                        build/stm32g0xx_hal_rcc_ex.o
HAL_RCCEx_PeriphCLKConfig                         build/stm32g0xx_hal_rcc_ex.o
HAL_RCC_CSSCallback                               build/stm32g0xx_hal_rcc.o
HAL_RCC_ClockConfig                               build/stm32g0xx_hal_rcc.o
                                                  build/main.o
HAL_RCC_DeInit                                    build/stm32g0xx_hal_rcc.o
HAL_RCC_DisableLSECSS                             build/stm32g0xx_hal_rcc.o
HAL_RCC_EnableCSS                                 build/stm32g0xx_hal_rcc.o
HAL_RCC_EnableLSECSS                              build/stm32g0xx_hal_rcc.o
HAL_RCC_GetClockConfig                            build/stm32g0xx_hal_rcc.o
HAL_RCC_GetHCLKFreq                               build/stm32g0xx_hal_rcc.o
HAL_RCC_GetOscConfig                              build/stm32g0xx_hal_rcc.o
HAL_RCC_GetPCLK1Freq                              build/stm32g0xx_hal_rcc.o
                                                  build/stm32g0xx_hal_rcc_ex.o
                                                  build/stm32g0xx_hal_uart.o
HAL_RCC_GetResetSource                            build/stm32g0xx_hal_rcc.o
HAL_RCC_GetSysClockFreq                           build/stm32g0xx_hal_rcc.o
                                                  build/stm32g0xx_hal_rcc_ex.o
                                                  build/stm32g0xx_hal_uart.o
HAL_RCC_LSECSSCallback                            build/stm32g0xx_hal_rcc.o
HAL_RCC_MCOConfig                                 build/stm32g0xx_hal_rcc.o
HAL_RCC_NMI_IRQHandler                            build/stm32g0xx_hal_rcc.o
HAL_RCC_OscConfig                                 build/stm32g0xx_hal_rcc.o
                                                  build/main.o
HAL_RS485Ex_Init                                  build/stm32g0xx_hal_uart_ex.o
HAL_ResumeTick                                    build/stm32g0xx_hal.o
HAL_SPIEx_FlushRxFifo                             build/stm32g0xx_hal_spi_ex.o
HAL_SPI_Abort                                     build/stm32g0xx_hal_spi.o
HAL_SPI_AbortCpltCallback                         build/stm32g0xx_hal_spi.o
HAL_SPI_Abort_IT                                  build/stm32g0xx_hal_spi.o
HAL_SPI_DMAPause                                  build/stm32g0xx_hal_spi.o
HAL_SPI_DMAResume                                 build/stm32g0xx_hal_spi.o
HAL_SPI_DMAStop                                   build/stm32g0xx_hal_spi.o
HAL_SPI_DeInit                                    build/stm32g0xx_hal_spi.o
HAL_SPI_ErrorCallback                             build/stm32g0xx_hal_spi.o
HAL_SPI_GetError                                  build/stm32g0xx_hal_spi.o
HAL_SPI_GetState                                  build/stm32g0xx_hal_spi.o
HAL_SPI_IRQHandler                                build/stm32g0xx_hal_spi.o
HAL_SPI_Init                                      build/stm32g0xx_hal_spi.o
                                                  build/main.o
HAL_SPI_MspDeInit                                 build/stm32g0xx_hal_spi.o
HAL_SPI_MspInit                                   build/stm32g0xx_hal_spi.o
HAL_SPI_Receive                                   build/stm32g0xx_hal_spi.o
HAL_SPI_Receive_DMA                               build/stm32g0xx_hal_spi.o
HAL_SPI_Receive_IT                                build/stm32g0xx_hal_spi.o
HAL_SPI_RxCpltCallback                            build/stm32g0xx_hal_spi.o
HAL_SPI_RxHalfCpltCallback                        build/stm32g0xx_hal_spi.o
HAL_SPI_Transmit                                  build/stm32g0xx_hal_spi.o
                                                  build/main.o
HAL_SPI_TransmitReceive                           build/stm32g0xx_hal_spi.o
HAL_SPI_TransmitReceive_DMA                       build/stm32g0xx_hal_spi.o
HAL_SPI_TransmitReceive_IT                        build/stm32g0xx_hal_spi.o
HAL_SPI_Transmit_DMA                              build/stm32g0xx_hal_spi.o
HAL_SPI_Transmit_IT                               build/stm32g0xx_hal_spi.o
HAL_SPI_TxCpltCallback                            build/stm32g0xx_hal_spi.o
HAL_SPI_TxHalfCpltCallback                        build/stm32g0xx_hal_spi.o
HAL_SPI_TxRxCpltCallback                          build/stm32g0xx_hal_spi.o
HAL_SPI_TxRxHalfCpltCallback                      build/stm32g0xx_hal_spi.o
HAL_SYSCFG_DisableClampingDiode                   build/stm32g0xx_hal.o
HAL_SYSCFG_DisableIOAnalogSwitchBooster           build/stm32g0xx_hal.o
HAL_SYSCFG_DisableRemap                           build/stm32g0xx_hal.o
HAL_SYSCFG_EnableClampingDiode                    build/stm32g0xx_hal.o
HAL_SYSCFG_EnableIOAnalogSwitchBooster            build/stm32g0xx_hal.o
HAL_SYSCFG_EnableRemap                            build/stm32g0xx_hal.o
HAL_SYSTICK_CLKSourceConfig                       build/stm32g0xx_hal_cortex.o
HAL_SYSTICK_Callback                              build/stm32g0xx_hal_cortex.o
HAL_SYSTICK_Config                                build/stm32g0xx_hal_cortex.o
                                                  build/stm32g0xx_hal.o
HAL_SYSTICK_IRQHandler                            build/stm32g0xx_hal_cortex.o
HAL_SetTickFreq                                   build/stm32g0xx_hal.o
HAL_SuspendTick                                   build/stm32g0xx_hal.o
HAL_UARTEx_DisableFifoMode                        build/stm32g0xx_hal_uart_ex.o
                                                  build/main.o
HAL_UARTEx_DisableStopMode                        build/stm32g0xx_hal_uart_ex.o
HAL_UARTEx_EnableFifoMode                         build/stm32g0xx_hal_uart_ex.o
HAL_UARTEx_EnableStopMode                         build/stm32g0xx_hal_uart_ex.o
HAL_UARTEx_GetRxEventType                         build/stm32g0xx_hal_uart_ex.o
HAL_UARTEx_ReceiveToIdle                          build/stm32g0xx_hal_uart_ex.o
HAL_UARTEx_ReceiveToIdle_DMA                      build/stm32g0xx_hal_uart_ex.o
HAL_UARTEx_ReceiveToIdle_IT                       build/stm32g0xx_hal_uart_ex.o
HAL_UARTEx_RxEventCallback                        build/stm32g0xx_hal_uart.o
HAL_UARTEx_RxFifoFullCallback                     build/stm32g0xx_hal_uart_ex.o
                                                  build/stm32g0xx_hal_uart.o
HAL_UARTEx_SetRxFifoThreshold                     build/stm32g0xx_hal_uart_ex.o
                                                  build/main.o
HAL_UARTEx_SetTxFifoThreshold                     build/stm32g0xx_hal_uart_ex.o
                                                  build/main.o
HAL_UARTEx_StopModeWakeUpSourceConfig             build/stm32g0xx_hal_uart_ex.o
HAL_UARTEx_TxFifoEmptyCallback                    build/stm32g0xx_hal_uart_ex.o
                                                  build/stm32g0xx_hal_uart.o
HAL_UARTEx_WakeupCallback                         build/stm32g0xx_hal_uart_ex.o
                                                  build/stm32g0xx_hal_uart.o
HAL_UART_Abort                                    build/stm32g0xx_hal_uart.o
HAL_UART_AbortCpltCallback                        build/stm32g0xx_hal_uart.o
HAL_UART_AbortReceive                             build/stm32g0xx_hal_uart.o
HAL_UART_AbortReceiveCpltCallback                 build/stm32g0xx_hal_uart.o
HAL_UART_AbortReceive_IT                          build/stm32g0xx_hal_uart.o
HAL_UART_AbortTransmit                            build/stm32g0xx_hal_uart.o
HAL_UART_AbortTransmitCpltCallback                build/stm32g0xx_hal_uart.o
HAL_UART_AbortTransmit_IT                         build/stm32g0xx_hal_uart.o
HAL_UART_Abort_IT                                 build/stm32g0xx_hal_uart.o
HAL_UART_DMAPause                                 build/stm32g0xx_hal_uart.o
HAL_UART_DMAResume                                build/stm32g0xx_hal_uart.o
HAL_UART_DMAStop                                  build/stm32g0xx_hal_uart.o
HAL_UART_DeInit                                   build/stm32g0xx_hal_uart.o
HAL_UART_DisableReceiverTimeout                   build/stm32g0xx_hal_uart.o
HAL_UART_EnableReceiverTimeout                    build/stm32g0xx_hal_uart.o
HAL_UART_ErrorCallback                            build/main.o
HAL_UART_GetError                                 build/stm32g0xx_hal_uart.o
HAL_UART_GetState                                 build/stm32g0xx_hal_uart.o
HAL_UART_IRQHandler                               build/stm32g0xx_hal_uart.o
                                                  build/stm32g0xx_it.o
HAL_UART_Init                                     build/stm32g0xx_hal_uart.o
                                                  build/main.o
HAL_UART_MspDeInit                                build/stm32g0xx_hal_uart.o
HAL_UART_MspInit                                  build/stm32g0xx_hal_uart.o
                                                  build/stm32g0xx_hal_uart_ex.o
HAL_UART_Receive                                  build/stm32g0xx_hal_uart.o
HAL_UART_Receive_DMA                              build/stm32g0xx_hal_uart.o
HAL_UART_Receive_IT                               build/stm32g0xx_hal_uart.o
                                                  build/main.o
HAL_UART_ReceiverTimeout_Config                   build/stm32g0xx_hal_uart.o
HAL_UART_RxCpltCallback                           build/main.o
HAL_UART_RxHalfCpltCallback                       build/stm32g0xx_hal_uart.o
HAL_UART_Transmit                                 build/stm32g0xx_hal_uart.o
                                                  build/main.o
HAL_UART_Transmit_DMA                             build/stm32g0xx_hal_uart.o
HAL_UART_Transmit_IT                              build/stm32g0xx_hal_uart.o
HAL_UART_TxCpltCallback                           build/stm32g0xx_hal_uart.o
HAL_UART_TxHalfCpltCallback                       build/stm32g0xx_hal_uart.o
HardFault_Handler                                 build/stm32g0xx_it.o
I2C1_IRQHandler                                   build/startup_stm32g030xx.o
I2C2_IRQHandler                                   build/startup_stm32g030xx.o
NMI_Handler                                       build/stm32g0xx_it.o
PendSV_Handler                                    build/stm32g0xx_it.o
RCC_IRQHandler                                    build/startup_stm32g030xx.o
RTC_TAMP_IRQHandler                               build/startup_stm32g030xx.o
Reset_Handler                                     build/startup_stm32g030xx.o
SPI1_IRQHandler                                   build/startup_stm32g030xx.o
SPI2_IRQHandler                                   build/startup_stm32g030xx.o
SVC_Handler                                       build/stm32g0xx_it.o
SysTick_Handler                                   build/stm32g0xx_it.o
SystemClock_Config                                build/main.o
SystemCoreClock                                   build/system_stm32g0xx.o
                                                  build/stm32g0xx_hal.o
                                                  build/stm32g0xx_hal_pwr_ex.o
                                                  build/stm32g0xx_hal_rcc.o
                                                  build/stm32g0xx_hal_spi.o
                                                  build/stm32g0xx_hal_adc.o
SystemCoreClockUpdate                             build/system_stm32g0xx.o
SystemInit                                        build/system_stm32g0xx.o
                                                  build/startup_stm32g030xx.o
TIM14_IRQHandler                                  build/startup_stm32g030xx.o
TIM16_IRQHandler                                  build/startup_stm32g030xx.o
TIM17_IRQHandler                                  build/startup_stm32g030xx.o
TIM1_BRK_UP_TRG_COM_IRQHandler                    build/startup_stm32g030xx.o
TIM1_CC_IRQHandler                                build/startup_stm32g030xx.o
TIM3_IRQHandler                                   build/startup_stm32g030xx.o
UARTPrescTable                                    build/stm32g0xx_hal_uart.o
UART_AdvFeatureConfig                             build/stm32g0xx_hal_uart.o
                                                  build/stm32g0xx_hal_uart_ex.o
UART_CheckIdleState                               build/stm32g0xx_hal_uart.o
                                                  build/stm32g0xx_hal_uart_ex.o
UART_SetConfig                                    build/stm32g0xx_hal_uart.o
                                                  build/stm32g0xx_hal_uart_ex.o
UART_Start_Receive_DMA                            build/stm32g0xx_hal_uart.o
                                                  build/stm32g0xx_hal_uart_ex.o
UART_Start_Receive_IT                             build/stm32g0xx_hal_uart.o
                                                  build/stm32g0xx_hal_uart_ex.o
UART_WaitOnFlagUntilTimeout                       build/stm32g0xx_hal_uart.o
                                                  build/stm32g0xx_hal_uart_ex.o
USART1_IRQHandler                                 build/startup_stm32g030xx.o
USART2_IRQHandler                                 build/stm32g0xx_it.o
WWDG_IRQHandler                                   build/startup_stm32g030xx.o
_ITM_deregisterTMCloneTable                       /usr/lib/gcc/arm-none-eabi/13.2.1/thumb/v6-m/nofp/crtbegin.o
_ITM_registerTMCloneTable                         /usr/lib/gcc/arm-none-eabi/13.2.1/thumb/v6-m/nofp/crtbegin.o
_Min_Stack_Size                                   build/sysmem.o
__TMC_END__                                       /usr/lib/gcc/arm-none-eabi/13.2.1/thumb/v6-m/nofp/crtend.o
                                                  /usr/lib/gcc/arm-none-eabi/13.2.1/thumb/v6-m/nofp/crtbegin.o
__aeabi_idiv                                      /usr/lib/gcc/arm-none-eabi/13.2.1/thumb/v6-m/nofp/libgcc.a(_divsi3.o)
                                                  build/system_stm32g0xx.o
                                                  build/stm32g0xx_hal.o
                                                  build/stm32g0xx_hal_rcc_ex.o
                                                  build/stm32g0xx_hal_rcc.o
                                                  build/stm32g0xx_hal_uart_ex.o
                                                  build/main.o
__aeabi_idiv0                                     /usr/lib/gcc/arm-none-eabi/13.2.1/thumb/v6-m/nofp/libgcc.a(_dvmd_tls.o)
                                                  /usr/lib/gcc/arm-none-eabi/13.2.1/thumb/v6-m/nofp/libgcc.a(_divsi3.o)
                                                  /usr/lib/gcc/arm-none-eabi/13.2.1/thumb/v6-m/nofp/libgcc.a(_udivsi3.o)
__aeabi_idivmod                                   /usr/lib/gcc/arm-none-eabi/13.2.1/thumb/v6-m/nofp/libgcc.a(_divsi3.o)
                                                  build/main.o
__aeabi_ldiv0                                     /usr/lib/gcc/arm-none-eabi/13.2.1/thumb/v6-m/nofp/libgcc.a(_dvmd_tls.o)
                                                  /usr/lib/gcc/arm-none-eabi/13.2.1/thumb/v6-m/nofp/libgcc.a(_aeabi_uldivmod.o)
                                                  /usr/lib/gcc/arm-none-eabi/13.2.1/thumb/v6-m/nofp/libgcc.a(_aeabi_ldivmod.o)
__aeabi_ldivmod                                   /usr/lib/gcc/arm-none-eabi/13.2.1/thumb/v6-m/nofp/libgcc.a(_aeabi_ldivmod.o)
                                                  build/main.o
__aeabi_lmul                                      /usr/lib/gcc/arm-none-eabi/13.2.1/thumb/v6-m/nofp/libgcc.a(_muldi3.o)
                                                  /usr/lib/gcc/arm-none-eabi/13.2.1/thumb/v6-m/nofp/libgcc.a(bpabi.o)
                                                  build/main.o
__aeabi_uidiv                                     /usr/lib/gcc/arm-none-eabi/13.2.1/thumb/v6-m/nofp/libgcc.a(_udivsi3.o)
                                                  build/system_stm32g0xx.o
                                                  build/stm32g0xx_hal.o
                                                  build/stm32g0xx_hal_pwr_ex.o
                                                  build/stm32g0xx_hal_dma.o
                                                  build/stm32g0xx_hal_rcc_ex.o
                                                  build/stm32g0xx_hal_rcc.o
                                                  build/stm32g0xx_hal_uart_ex.o
                                                  build/stm32g0xx_hal_uart.o
                                                  build/stm32g0xx_hal_spi.o
                                                  build/stm32g0xx_hal_adc.o
                                                  build/main.o
__aeabi_uidivmod                                  /usr/lib/gcc/arm-none-eabi/13.2.1/thumb/v6-m/nofp/libgcc.a(_udivsi3.o)
                                                  build/main.o
__aeabi_uldivmod                                  /usr/lib/gcc/arm-none-eabi/13.2.1/thumb/v6-m/nofp/libgcc.a(_aeabi_uldivmod.o)
                                                  build/main.o
__atexit                                          /usr/lib/gcc/arm-none-eabi/13.2.1/../../../arm-none-eabi/lib/thumb/v6-m/nofp/libc_nano.a(libc_a-__call_atexit.o)
                                                  /usr/lib/gcc/arm-none-eabi/13.2.1/../../../arm-none-eabi/lib/thumb/v6-m/nofp/libc_nano.a(libc_a-__atexit.o)
__atexit0                                         /usr/lib/gcc/arm-none-eabi/13.2.1/../../../arm-none-eabi/lib/thumb/v6-m/nofp/libc_nano.a(libc_a-__atexit.o)
__atexit_dummy                                    /usr/lib/gcc/arm-none-eabi/13.2.1/../../../arm-none-eabi/lib/thumb/v6-m/nofp/libc_nano.a(libc_a-__atexit.o)
__bss_end__                                       /usr/lib/gcc/arm-none-eabi/13.2.1/../../../arm-none-eabi/lib/thumb/v6-m/nofp/crt0.o
__bss_start__                                     /usr/lib/gcc/arm-none-eabi/13.2.1/../../../arm-none-eabi/lib/thumb/v6-m/nofp/crt0.o
__call_exitprocs                                  /usr/lib/gcc/arm-none-eabi/13.2.1/../../../arm-none-eabi/lib/thumb/v6-m/nofp/libc_nano.a(libc_a-__call_atexit.o)
                                                  /usr/lib/gcc/arm-none-eabi/13.2.1/../../../arm-none-eabi/lib/thumb/v6-m/nofp/libc_nano.a(libc_a-__atexit.o)
                                                  /usr/lib/gcc/arm-none-eabi/13.2.1/../../../arm-none-eabi/lib/thumb/v6-m/nofp/libc_nano.a(libc_a-exit.o)
__clzdi2                                          /usr/lib/gcc/arm-none-eabi/13.2.1/thumb/v6-m/nofp/libgcc.a(_clzdi2.o)
                                                  /usr/lib/gcc/arm-none-eabi/13.2.1/thumb/v6-m/nofp/libgcc.a(_divdi3.o)
                                                  /usr/lib/gcc/arm-none-eabi/13.2.1/thumb/v6-m/nofp/libgcc.a(_udivmoddi4.o)